[2026-08-02T11:52:39.066+0000] {manager.py:470} INFO - Processing files using up to 2 processes at a time 
[2026-08-02T11:52:39.067+0000] {manager.py:471} INFO - Process each file at most once every 30 seconds
[2026-08-02T11:52:39.068+0000] {manager.py:472} INFO - Checking for new files in /opt/airflow/dags every 300 seconds
[2026-08-02T11:52:39.069+0000] {manager.py:737} INFO - Searching for files in /opt/airflow/dags
[2026-08-02T11:52:39.078+0000] {manager.py:740} INFO - There are 1 files in /opt/airflow/dags
[2026-08-02T11:52:39.160+0000] {manager.py:878} INFO - 
================================================================================
DAG File Processing Stats

File Path                                      PID  Runtime      # DAGs    # Errors  Last Runtime    Last Run
-------------------------------------------  -----  ---------  --------  ----------  --------------  ----------
/opt/airflow/dags/etl_bronce_origen_demo.py    172  0.03s             0           0
================================================================================
[2026-08-02T11:53:06.741+0000] {manager.py:878} INFO - 
================================================================================
DAG File Processing Stats

File Path                                    PID    Runtime      # DAGs    # Errors  Last Runtime    Last Run
-------------------------------------------  -----  ---------  --------  ----------  --------------  -------------------
/opt/airflow/dags/etl_bronce_origen_demo.py                           1           0  0.57s           2026-08-02T11:52:39
================================================================================
[2026-08-02T11:53:34.363+0000] {manager.py:878} INFO - 
================================================================================
DAG File Processing Stats

File Path                                    PID    Runtime      # DAGs    # Errors  Last Runtime    Last Run
-------------------------------------------  -----  ---------  --------  ----------  --------------  -------------------
/opt/airflow/dags/etl_bronce_origen_demo.py                           1           0  0.16s           2026-08-02T11:53:09
================================================================================
[2026-08-02T11:54:02.106+0000] {manager.py:878} INFO - 
================================================================================
DAG File Processing Stats

File Path                                    PID    Runtime      # DAGs    # Errors  Last Runtime    Last Run
-------------------------------------------  -----  ---------  --------  ----------  --------------  -------------------
/opt/airflow/dags/etl_bronce_origen_demo.py                           1           0  0.14s           2026-08-02T11:53:40
================================================================================
[2026-08-02T11:54:29.823+0000] {manager.py:878} INFO - 
================================================================================
DAG File Processing Stats

File Path                                    PID    Runtime      # DAGs    # Errors  Last Runtime    Last Run
-------------------------------------------  -----  ---------  --------  ----------  --------------  -------------------
/opt/airflow/dags/etl_bronce_origen_demo.py                           1           0  0.16s           2026-08-02T11:54:11
================================================================================
[2026-08-02T11:54:57.550+0000] {manager.py:878} INFO - 
================================================================================
DAG File Processing Stats

File Path                                    PID    Runtime      # DAGs    # Errors  Last Runtime    Last Run
-------------------------------------------  -----  ---------  --------  ----------  --------------  -------------------
/opt/airflow/dags/etl_bronce_origen_demo.py                           1           0  0.14s           2026-08-02T11:54:42
================================================================================
[2026-08-02T11:55:25.420+0000] {manager.py:878} INFO - 
================================================================================
DAG File Processing Stats

File Path                                    PID    Runtime      # DAGs    # Errors  Last Runtime    Last Run
-------------------------------------------  -----  ---------  --------  ----------  --------------  -------------------
/opt/airflow/dags/etl_bronce_origen_demo.py                           1           0  0.14s           2026-08-02T11:55:13
================================================================================
[2026-08-02T11:55:53.173+0000] {manager.py:878} INFO - 
================================================================================
DAG File Processing Stats

File Path                                    PID    Runtime      # DAGs    # Errors  Last Runtime    Last Run
-------------------------------------------  -----  ---------  --------  ----------  --------------  -------------------
/opt/airflow/dags/etl_bronce_origen_demo.py                           1           0  0.17s           2026-08-02T11:55:43
================================================================================
[2026-08-02T11:56:20.877+0000] {manager.py:878} INFO - 
================================================================================
DAG File Processing Stats

File Path                                    PID    Runtime      # DAGs    # Errors  Last Runtime    Last Run
-------------------------------------------  -----  ---------  --------  ----------  --------------  -------------------
/opt/airflow/dags/etl_bronce_origen_demo.py                           1           0  0.19s           2026-08-02T11:56:13
================================================================================
[2026-08-02T11:56:48.710+0000] {manager.py:878} INFO - 
================================================================================
DAG File Processing Stats

File Path                                    PID    Runtime      # DAGs    # Errors  Last Runtime    Last Run
-------------------------------------------  -----  ---------  --------  ----------  --------------  -------------------
/opt/airflow/dags/etl_bronce_origen_demo.py                           1           0  0.13s           2026-08-02T11:56:44
================================================================================
[2026-08-02T11:57:16.421+0000] {manager.py:878} INFO - 
================================================================================
DAG File Processing Stats

File Path                                    PID    Runtime      # DAGs    # Errors  Last Runtime    Last Run
-------------------------------------------  -----  ---------  --------  ----------  --------------  -------------------
/opt/airflow/dags/etl_bronce_origen_demo.py                           1           0  0.17s           2026-08-02T11:57:15
================================================================================
[2026-08-02T11:57:39.146+0000] {manager.py:737} INFO - Searching for files in /opt/airflow/dags
[2026-08-02T11:57:39.158+0000] {manager.py:740} INFO - There are 1 files in /opt/airflow/dags
[2026-08-02T11:57:44.047+0000] {manager.py:878} INFO - 
================================================================================
DAG File Processing Stats

File Path                                    PID    Runtime      # DAGs    # Errors  Last Runtime    Last Run
-------------------------------------------  -----  ---------  --------  ----------  --------------  -------------------
/opt/airflow/dags/etl_bronce_origen_demo.py                           1           0  0.17s           2026-08-02T11:57:15
================================================================================
[2026-08-02T11:58:11.534+0000] {manager.py:878} INFO - 
================================================================================
DAG File Processing Stats

File Path                                    PID    Runtime      # DAGs    # Errors  Last Runtime    Last Run
-------------------------------------------  -----  ---------  --------  ----------  --------------  -------------------
/opt/airflow/dags/etl_bronce_origen_demo.py                           1           0  0.15s           2026-08-02T11:57:46
================================================================================
[2026-08-02T11:58:39.417+0000] {manager.py:878} INFO - 
================================================================================
DAG File Processing Stats

File Path                                    PID    Runtime      # DAGs    # Errors  Last Runtime    Last Run
-------------------------------------------  -----  ---------  --------  ----------  --------------  -------------------
/opt/airflow/dags/etl_bronce_origen_demo.py                           1           0  0.18s           2026-08-02T11:58:16
================================================================================
[2026-08-02T11:59:07.237+0000] {manager.py:878} INFO - 
================================================================================
DAG File Processing Stats

File Path                                    PID    Runtime      # DAGs    # Errors  Last Runtime    Last Run
-------------------------------------------  -----  ---------  --------  ----------  --------------  -------------------
/opt/airflow/dags/etl_bronce_origen_demo.py                           1           0  0.17s           2026-08-02T11:58:47
================================================================================
[2026-08-02T11:59:34.884+0000] {manager.py:878} INFO - 
================================================================================
DAG File Processing Stats

File Path                                    PID    Runtime      # DAGs    # Errors  Last Runtime    Last Run
-------------------------------------------  -----  ---------  --------  ----------  --------------  -------------------
/opt/airflow/dags/etl_bronce_origen_demo.py                           1           0  0.14s           2026-08-02T11:59:18
================================================================================
[2026-08-02T12:00:02.715+0000] {manager.py:878} INFO - 
================================================================================
DAG File Processing Stats

File Path                                    PID    Runtime      # DAGs    # Errors  Last Runtime    Last Run
-------------------------------------------  -----  ---------  --------  ----------  --------------  -------------------
/opt/airflow/dags/etl_bronce_origen_demo.py                           1           0  -2.70s          2026-08-02T11:59:46
================================================================================
[2026-08-02T12:00:30.494+0000] {manager.py:878} INFO - 
================================================================================
DAG File Processing Stats

File Path                                    PID    Runtime      # DAGs    # Errors  Last Runtime    Last Run
-------------------------------------------  -----  ---------  --------  ----------  --------------  -------------------
/opt/airflow/dags/etl_bronce_origen_demo.py                           1           0  0.23s           2026-08-02T12:00:17
================================================================================
[2026-08-02T12:00:58.183+0000] {manager.py:878} INFO - 
================================================================================
DAG File Processing Stats

File Path                                    PID    Runtime      # DAGs    # Errors  Last Runtime    Last Run
-------------------------------------------  -----  ---------  --------  ----------  --------------  -------------------
/opt/airflow/dags/etl_bronce_origen_demo.py                           1           0  0.18s           2026-08-02T12:00:48
================================================================================
[2026-08-02T12:01:25.863+0000] {manager.py:878} INFO - 
================================================================================
DAG File Processing Stats

File Path                                    PID    Runtime      # DAGs    # Errors  Last Runtime    Last Run
-------------------------------------------  -----  ---------  --------  ----------  --------------  -------------------
/opt/airflow/dags/etl_bronce_origen_demo.py                           1           0  0.16s           2026-08-02T12:01:18
================================================================================
[2026-08-02T12:01:53.614+0000] {manager.py:878} INFO - 
================================================================================
DAG File Processing Stats

File Path                                    PID    Runtime      # DAGs    # Errors  Last Runtime    Last Run
-------------------------------------------  -----  ---------  --------  ----------  --------------  -------------------
/opt/airflow/dags/etl_bronce_origen_demo.py                           1           0  0.17s           2026-08-02T12:01:49
================================================================================
[2026-08-02T12:02:21.195+0000] {manager.py:878} INFO - 
================================================================================
DAG File Processing Stats

File Path                                    PID    Runtime      # DAGs    # Errors  Last Runtime    Last Run
-------------------------------------------  -----  ---------  --------  ----------  --------------  -------------------
/opt/airflow/dags/etl_bronce_origen_demo.py                           1           0  0.19s           2026-08-02T12:02:20
================================================================================
[2026-08-02T12:02:39.754+0000] {manager.py:737} INFO - Searching for files in /opt/airflow/dags
[2026-08-02T12:02:39.790+0000] {manager.py:740} INFO - There are 1 files in /opt/airflow/dags
[2026-08-02T12:02:48.898+0000] {manager.py:878} INFO - 
================================================================================
DAG File Processing Stats

File Path                                    PID    Runtime      # DAGs    # Errors  Last Runtime    Last Run
-------------------------------------------  -----  ---------  --------  ----------  --------------  -------------------
/opt/airflow/dags/etl_bronce_origen_demo.py                           1           0  0.19s           2026-08-02T12:02:20
================================================================================
[2026-08-02T12:03:16.692+0000] {manager.py:878} INFO - 
================================================================================
DAG File Processing Stats

File Path                                    PID    Runtime      # DAGs    # Errors  Last Runtime    Last Run
-------------------------------------------  -----  ---------  --------  ----------  --------------  -------------------
/opt/airflow/dags/etl_bronce_origen_demo.py                           1           0  0.16s           2026-08-02T12:02:51
================================================================================
[2026-08-02T12:03:44.554+0000] {manager.py:878} INFO - 
================================================================================
DAG File Processing Stats

File Path                                    PID    Runtime      # DAGs    # Errors  Last Runtime    Last Run
-------------------------------------------  -----  ---------  --------  ----------  --------------  -------------------
/opt/airflow/dags/etl_bronce_origen_demo.py                           1           0  0.15s           2026-08-02T12:03:21
================================================================================
[2026-08-02T12:04:12.447+0000] {manager.py:878} INFO - 
================================================================================
DAG File Processing Stats

File Path                                    PID    Runtime      # DAGs    # Errors  Last Runtime    Last Run
-------------------------------------------  -----  ---------  --------  ----------  --------------  -------------------
/opt/airflow/dags/etl_bronce_origen_demo.py                           1           0  0.13s           2026-08-02T12:03:52
================================================================================
[2026-08-02T12:04:40.424+0000] {manager.py:878} INFO - 
================================================================================
DAG File Processing Stats

File Path                                    PID    Runtime      # DAGs    # Errors  Last Runtime    Last Run
-------------------------------------------  -----  ---------  --------  ----------  --------------  -------------------
/opt/airflow/dags/etl_bronce_origen_demo.py                           1           0  0.18s           2026-08-02T12:04:23
================================================================================
[2026-08-02T12:05:08.180+0000] {manager.py:878} INFO - 
================================================================================
DAG File Processing Stats

File Path                                    PID    Runtime      # DAGs    # Errors  Last Runtime    Last Run
-------------------------------------------  -----  ---------  --------  ----------  --------------  -------------------
/opt/airflow/dags/etl_bronce_origen_demo.py                           1           0  0.18s           2026-08-02T12:04:54
================================================================================
[2026-08-02T12:05:36.280+0000] {manager.py:878} INFO - 
================================================================================
DAG File Processing Stats

File Path                                    PID    Runtime      # DAGs    # Errors  Last Runtime    Last Run
-------------------------------------------  -----  ---------  --------  ----------  --------------  -------------------
/opt/airflow/dags/etl_bronce_origen_demo.py                           1           0  0.15s           2026-08-02T12:05:25
================================================================================
[2026-08-02T12:06:04.024+0000] {manager.py:878} INFO - 
================================================================================
DAG File Processing Stats

File Path                                    PID    Runtime      # DAGs    # Errors  Last Runtime    Last Run
-------------------------------------------  -----  ---------  --------  ----------  --------------  -------------------
/opt/airflow/dags/etl_bronce_origen_demo.py                           1           0  0.13s           2026-08-02T12:05:56
================================================================================
[2026-08-02T12:06:31.762+0000] {manager.py:878} INFO - 
================================================================================
DAG File Processing Stats

File Path                                    PID    Runtime      # DAGs    # Errors  Last Runtime    Last Run
-------------------------------------------  -----  ---------  --------  ----------  --------------  -------------------
/opt/airflow/dags/etl_bronce_origen_demo.py                           1           0  0.13s           2026-08-02T12:06:26
================================================================================
[2026-08-02T12:06:59.646+0000] {manager.py:878} INFO - 
================================================================================
DAG File Processing Stats

File Path                                    PID    Runtime      # DAGs    # Errors  Last Runtime    Last Run
-------------------------------------------  -----  ---------  --------  ----------  --------------  -------------------
/opt/airflow/dags/etl_bronce_origen_demo.py                           1           0  0.16s           2026-08-02T12:06:57
================================================================================
[2026-08-02T12:07:27.592+0000] {manager.py:878} INFO - 
================================================================================
DAG File Processing Stats

File Path                                    PID    Runtime      # DAGs    # Errors  Last Runtime    Last Run
-------------------------------------------  -----  ---------  --------  ----------  --------------  -------------------
/opt/airflow/dags/etl_bronce_origen_demo.py                           1           0  0.16s           2026-08-02T12:06:57
================================================================================
[2026-08-02T12:07:40.077+0000] {manager.py:737} INFO - Searching for files in /opt/airflow/dags
[2026-08-02T12:07:40.100+0000] {manager.py:740} INFO - There are 1 files in /opt/airflow/dags
[2026-08-02T12:07:55.357+0000] {manager.py:878} INFO - 
================================================================================
DAG File Processing Stats

File Path                                    PID    Runtime      # DAGs    # Errors  Last Runtime    Last Run
-------------------------------------------  -----  ---------  --------  ----------  --------------  -------------------
/opt/airflow/dags/etl_bronce_origen_demo.py                           1           0  0.16s           2026-08-02T12:07:28
================================================================================
[2026-08-02T12:08:23.380+0000] {manager.py:878} INFO - 
================================================================================
DAG File Processing Stats

File Path                                    PID    Runtime      # DAGs    # Errors  Last Runtime    Last Run
-------------------------------------------  -----  ---------  --------  ----------  --------------  -------------------
/opt/airflow/dags/etl_bronce_origen_demo.py                           1           0  0.27s           2026-08-02T12:07:59
================================================================================
[2026-08-02T12:08:51.369+0000] {manager.py:878} INFO - 
================================================================================
DAG File Processing Stats

File Path                                    PID    Runtime      # DAGs    # Errors  Last Runtime    Last Run
-------------------------------------------  -----  ---------  --------  ----------  --------------  -------------------
/opt/airflow/dags/etl_bronce_origen_demo.py                           1           0  0.17s           2026-08-02T12:08:30
================================================================================
[2026-08-02T12:09:19.071+0000] {manager.py:878} INFO - 
================================================================================
DAG File Processing Stats

File Path                                    PID    Runtime      # DAGs    # Errors  Last Runtime    Last Run
-------------------------------------------  -----  ---------  --------  ----------  --------------  -------------------
/opt/airflow/dags/etl_bronce_origen_demo.py                           1           0  0.14s           2026-08-02T12:09:00
================================================================================
[2026-08-02T12:09:46.803+0000] {manager.py:878} INFO - 
================================================================================
DAG File Processing Stats

File Path                                    PID    Runtime      # DAGs    # Errors  Last Runtime    Last Run
-------------------------------------------  -----  ---------  --------  ----------  --------------  -------------------
/opt/airflow/dags/etl_bronce_origen_demo.py                           1           0  0.15s           2026-08-02T12:09:31
================================================================================
[2026-08-02T12:10:14.629+0000] {manager.py:878} INFO - 
================================================================================
DAG File Processing Stats

File Path                                    PID    Runtime      # DAGs    # Errors  Last Runtime    Last Run
-------------------------------------------  -----  ---------  --------  ----------  --------------  -------------------
/opt/airflow/dags/etl_bronce_origen_demo.py                           1           0  0.13s           2026-08-02T12:10:02
================================================================================
[2026-08-02T12:10:42.370+0000] {manager.py:878} INFO - 
================================================================================
DAG File Processing Stats

File Path                                    PID    Runtime      # DAGs    # Errors  Last Runtime    Last Run
-------------------------------------------  -----  ---------  --------  ----------  --------------  -------------------
/opt/airflow/dags/etl_bronce_origen_demo.py                           1           0  0.13s           2026-08-02T12:10:33
================================================================================
[2026-08-02T12:11:10.236+0000] {manager.py:878} INFO - 
================================================================================
DAG File Processing Stats

File Path                                    PID    Runtime      # DAGs    # Errors  Last Runtime    Last Run
-------------------------------------------  -----  ---------  --------  ----------  --------------  -------------------
/opt/airflow/dags/etl_bronce_origen_demo.py                           1           0  0.14s           2026-08-02T12:11:04
================================================================================
[2026-08-02T12:11:38.109+0000] {manager.py:878} INFO - 
================================================================================
DAG File Processing Stats

File Path                                    PID    Runtime      # DAGs    # Errors  Last Runtime    Last Run
-------------------------------------------  -----  ---------  --------  ----------  --------------  -------------------
/opt/airflow/dags/etl_bronce_origen_demo.py                           1           0  0.14s           2026-08-02T12:11:35
================================================================================
[2026-08-02T12:12:03.135+0000] {manager.py:878} INFO - 
================================================================================
DAG File Processing Stats

File Path                                    PID    Runtime      # DAGs    # Errors  Last Runtime    Last Run
-------------------------------------------  -----  ---------  --------  ----------  --------------  -------------------
/opt/airflow/dags/etl_bronce_origen_demo.py                           1           0  0.14s           2026-08-02T12:11:35
================================================================================
[2026-08-02T12:12:30.752+0000] {manager.py:878} INFO - 
================================================================================
DAG File Processing Stats

File Path                                    PID    Runtime      # DAGs    # Errors  Last Runtime    Last Run
-------------------------------------------  -----  ---------  --------  ----------  --------------  -------------------
/opt/airflow/dags/etl_bronce_origen_demo.py                           1           0  0.14s           2026-08-02T12:12:06
================================================================================
[2026-08-02T12:12:40.932+0000] {manager.py:737} INFO - Searching for files in /opt/airflow/dags
[2026-08-02T12:12:40.942+0000] {manager.py:740} INFO - There are 1 files in /opt/airflow/dags
[2026-08-02T12:12:58.602+0000] {manager.py:878} INFO - 
================================================================================
DAG File Processing Stats

File Path                                    PID    Runtime      # DAGs    # Errors  Last Runtime    Last Run
-------------------------------------------  -----  ---------  --------  ----------  --------------  -------------------
/opt/airflow/dags/etl_bronce_origen_demo.py                           1           0  0.17s           2026-08-02T12:12:36
================================================================================
[2026-08-02T12:13:26.626+0000] {manager.py:878} INFO - 
================================================================================
DAG File Processing Stats

File Path                                    PID    Runtime      # DAGs    # Errors  Last Runtime    Last Run
-------------------------------------------  -----  ---------  --------  ----------  --------------  -------------------
/opt/airflow/dags/etl_bronce_origen_demo.py                           1           0  0.16s           2026-08-02T12:13:07
================================================================================
[2026-08-02T12:13:54.439+0000] {manager.py:878} INFO - 
================================================================================
DAG File Processing Stats

File Path                                    PID    Runtime      # DAGs    # Errors  Last Runtime    Last Run
-------------------------------------------  -----  ---------  --------  ----------  --------------  -------------------
/opt/airflow/dags/etl_bronce_origen_demo.py                           1           0  0.16s           2026-08-02T12:13:39
================================================================================
[2026-08-02T12:14:22.106+0000] {manager.py:878} INFO - 
================================================================================
DAG File Processing Stats

File Path                                    PID    Runtime      # DAGs    # Errors  Last Runtime    Last Run
-------------------------------------------  -----  ---------  --------  ----------  --------------  -------------------
/opt/airflow/dags/etl_bronce_origen_demo.py                           1           0  0.16s           2026-08-02T12:14:09
================================================================================
[2026-08-02T12:14:49.962+0000] {manager.py:878} INFO - 
================================================================================
DAG File Processing Stats

File Path                                    PID    Runtime      # DAGs    # Errors  Last Runtime    Last Run
-------------------------------------------  -----  ---------  --------  ----------  --------------  -------------------
/opt/airflow/dags/etl_bronce_origen_demo.py                           1           0  0.16s           2026-08-02T12:14:40
================================================================================
[2026-08-02T12:15:17.750+0000] {manager.py:878} INFO - 
================================================================================
DAG File Processing Stats

File Path                                    PID    Runtime      # DAGs    # Errors  Last Runtime    Last Run
-------------------------------------------  -----  ---------  --------  ----------  --------------  -------------------
/opt/airflow/dags/etl_bronce_origen_demo.py                           1           0  0.13s           2026-08-02T12:15:11
================================================================================
[2026-08-02T12:15:45.449+0000] {manager.py:878} INFO - 
================================================================================
DAG File Processing Stats

File Path                                    PID    Runtime      # DAGs    # Errors  Last Runtime    Last Run
-------------------------------------------  -----  ---------  --------  ----------  --------------  -------------------
/opt/airflow/dags/etl_bronce_origen_demo.py                           1           0  0.16s           2026-08-02T12:15:42
================================================================================
[2026-08-02T12:16:13.227+0000] {manager.py:878} INFO - 
================================================================================
DAG File Processing Stats

File Path                                      PID  Runtime      # DAGs    # Errors  Last Runtime    Last Run
-------------------------------------------  -----  ---------  --------  ----------  --------------  -------------------
/opt/airflow/dags/etl_bronce_origen_demo.py    879  0.00s             1           0  0.16s           2026-08-02T12:15:42
================================================================================
[2026-08-02T12:16:40.959+0000] {manager.py:878} INFO - 
================================================================================
DAG File Processing Stats

File Path                                    PID    Runtime      # DAGs    # Errors  Last Runtime    Last Run
-------------------------------------------  -----  ---------  --------  ----------  --------------  -------------------
/opt/airflow/dags/etl_bronce_origen_demo.py                           1           0  0.14s           2026-08-02T12:16:13
================================================================================
[2026-08-02T12:17:08.671+0000] {manager.py:878} INFO - 
================================================================================
DAG File Processing Stats

File Path                                    PID    Runtime      # DAGs    # Errors  Last Runtime    Last Run
-------------------------------------------  -----  ---------  --------  ----------  --------------  -------------------
/opt/airflow/dags/etl_bronce_origen_demo.py                           1           0  0.16s           2026-08-02T12:16:44
================================================================================
[2026-08-02T12:17:36.542+0000] {manager.py:878} INFO - 
================================================================================
DAG File Processing Stats

File Path                                    PID    Runtime      # DAGs    # Errors  Last Runtime    Last Run
-------------------------------------------  -----  ---------  --------  ----------  --------------  -------------------
/opt/airflow/dags/etl_bronce_origen_demo.py                           1           0  0.15s           2026-08-02T12:17:14
================================================================================
[2026-08-02T12:17:41.581+0000] {manager.py:737} INFO - Searching for files in /opt/airflow/dags
[2026-08-02T12:17:41.596+0000] {manager.py:740} INFO - There are 1 files in /opt/airflow/dags
[2026-08-02T12:18:04.179+0000] {manager.py:878} INFO - 
================================================================================
DAG File Processing Stats

File Path                                    PID    Runtime      # DAGs    # Errors  Last Runtime    Last Run
-------------------------------------------  -----  ---------  --------  ----------  --------------  -------------------
/opt/airflow/dags/etl_bronce_origen_demo.py                           1           0  0.14s           2026-08-02T12:17:45
================================================================================
[2026-08-02T12:18:32.275+0000] {manager.py:878} INFO - 
================================================================================
DAG File Processing Stats

File Path                                    PID    Runtime      # DAGs    # Errors  Last Runtime    Last Run
-------------------------------------------  -----  ---------  --------  ----------  --------------  -------------------
/opt/airflow/dags/etl_bronce_origen_demo.py                           1           0  0.14s           2026-08-02T12:18:16
================================================================================
[2026-08-02T12:19:00.073+0000] {manager.py:878} INFO - 
================================================================================
DAG File Processing Stats

File Path                                    PID    Runtime      # DAGs    # Errors  Last Runtime    Last Run
-------------------------------------------  -----  ---------  --------  ----------  --------------  -------------------
/opt/airflow/dags/etl_bronce_origen_demo.py                           1           0  0.13s           2026-08-02T12:18:47
================================================================================
[2026-08-02T12:19:27.769+0000] {manager.py:878} INFO - 
================================================================================
DAG File Processing Stats

File Path                                    PID    Runtime      # DAGs    # Errors  Last Runtime    Last Run
-------------------------------------------  -----  ---------  --------  ----------  --------------  -------------------
/opt/airflow/dags/etl_bronce_origen_demo.py                           1           0  0.14s           2026-08-02T12:19:18
================================================================================
[2026-08-02T12:19:55.438+0000] {manager.py:878} INFO - 
================================================================================
DAG File Processing Stats

File Path                                    PID    Runtime      # DAGs    # Errors  Last Runtime    Last Run
-------------------------------------------  -----  ---------  --------  ----------  --------------  -------------------
/opt/airflow/dags/etl_bronce_origen_demo.py                           1           0  0.14s           2026-08-02T12:19:49
================================================================================
[2026-08-02T12:20:23.261+0000] {manager.py:878} INFO - 
================================================================================
DAG File Processing Stats

File Path                                    PID    Runtime      # DAGs    # Errors  Last Runtime    Last Run
-------------------------------------------  -----  ---------  --------  ----------  --------------  -------------------
/opt/airflow/dags/etl_bronce_origen_demo.py                           1           0  0.14s           2026-08-02T12:20:19
================================================================================
[2026-08-02T12:20:51.315+0000] {manager.py:878} INFO - 
================================================================================
DAG File Processing Stats

File Path                                    PID    Runtime      # DAGs    # Errors  Last Runtime    Last Run
-------------------------------------------  -----  ---------  --------  ----------  --------------  -------------------
/opt/airflow/dags/etl_bronce_origen_demo.py                           1           0  0.17s           2026-08-02T12:20:50
================================================================================
[2026-08-02T12:21:18.941+0000] {manager.py:878} INFO - 
================================================================================
DAG File Processing Stats

File Path                                    PID    Runtime      # DAGs    # Errors  Last Runtime    Last Run
-------------------------------------------  -----  ---------  --------  ----------  --------------  -------------------
/opt/airflow/dags/etl_bronce_origen_demo.py                           1           0  0.17s           2026-08-02T12:20:50
================================================================================
[2026-08-02T12:21:46.945+0000] {manager.py:878} INFO - 
================================================================================
DAG File Processing Stats

File Path                                    PID    Runtime      # DAGs    # Errors  Last Runtime    Last Run
-------------------------------------------  -----  ---------  --------  ----------  --------------  -------------------
/opt/airflow/dags/etl_bronce_origen_demo.py                           1           0  0.16s           2026-08-02T12:21:21
================================================================================
[2026-08-02T12:22:14.912+0000] {manager.py:878} INFO - 
================================================================================
DAG File Processing Stats

File Path                                    PID    Runtime      # DAGs    # Errors  Last Runtime    Last Run
-------------------------------------------  -----  ---------  --------  ----------  --------------  -------------------
/opt/airflow/dags/etl_bronce_origen_demo.py                           1           0  0.15s           2026-08-02T12:21:52
================================================================================
[2026-08-02T12:22:41.594+0000] {manager.py:737} INFO - Searching for files in /opt/airflow/dags
[2026-08-02T12:22:41.605+0000] {manager.py:740} INFO - There are 1 files in /opt/airflow/dags
[2026-08-02T12:22:42.630+0000] {manager.py:878} INFO - 
================================================================================
DAG File Processing Stats

File Path                                    PID    Runtime      # DAGs    # Errors  Last Runtime    Last Run
-------------------------------------------  -----  ---------  --------  ----------  --------------  -------------------
/opt/airflow/dags/etl_bronce_origen_demo.py                           1           0  0.17s           2026-08-02T12:22:23
================================================================================
[2026-08-02T12:23:10.607+0000] {manager.py:878} INFO - 
================================================================================
DAG File Processing Stats

File Path                                    PID    Runtime      # DAGs    # Errors  Last Runtime    Last Run
-------------------------------------------  -----  ---------  --------  ----------  --------------  -------------------
/opt/airflow/dags/etl_bronce_origen_demo.py                           1           0  0.15s           2026-08-02T12:22:54
================================================================================
[2026-08-02T12:23:38.424+0000] {manager.py:878} INFO - 
================================================================================
DAG File Processing Stats

File Path                                    PID    Runtime      # DAGs    # Errors  Last Runtime    Last Run
-------------------------------------------  -----  ---------  --------  ----------  --------------  -------------------
/opt/airflow/dags/etl_bronce_origen_demo.py                           1           0  0.19s           2026-08-02T12:23:25
================================================================================
[2026-08-02T12:24:06.144+0000] {manager.py:878} INFO - 
================================================================================
DAG File Processing Stats

File Path                                    PID    Runtime      # DAGs    # Errors  Last Runtime    Last Run
-------------------------------------------  -----  ---------  --------  ----------  --------------  -------------------
/opt/airflow/dags/etl_bronce_origen_demo.py                           1           0  0.17s           2026-08-02T12:23:56
================================================================================
[2026-08-02T12:24:33.895+0000] {manager.py:878} INFO - 
================================================================================
DAG File Processing Stats

File Path                                    PID    Runtime      # DAGs    # Errors  Last Runtime    Last Run
-------------------------------------------  -----  ---------  --------  ----------  --------------  -------------------
/opt/airflow/dags/etl_bronce_origen_demo.py                           1           0  0.16s           2026-08-02T12:24:26
================================================================================
[2026-08-02T12:25:01.648+0000] {manager.py:878} INFO - 
================================================================================
DAG File Processing Stats

File Path                                    PID    Runtime      # DAGs    # Errors  Last Runtime    Last Run
-------------------------------------------  -----  ---------  --------  ----------  --------------  -------------------
/opt/airflow/dags/etl_bronce_origen_demo.py                           1           0  0.18s           2026-08-02T12:24:57
================================================================================
[2026-08-02T12:25:29.462+0000] {manager.py:878} INFO - 
================================================================================
DAG File Processing Stats

File Path                                    PID    Runtime      # DAGs    # Errors  Last Runtime    Last Run
-------------------------------------------  -----  ---------  --------  ----------  --------------  -------------------
/opt/airflow/dags/etl_bronce_origen_demo.py                           1           0  0.19s           2026-08-02T12:25:28
================================================================================
[2026-08-02T12:25:57.213+0000] {manager.py:878} INFO - 
================================================================================
DAG File Processing Stats

File Path                                    PID    Runtime      # DAGs    # Errors  Last Runtime    Last Run
-------------------------------------------  -----  ---------  --------  ----------  --------------  -------------------
/opt/airflow/dags/etl_bronce_origen_demo.py                           1           0  0.19s           2026-08-02T12:25:28
================================================================================
[2026-08-02T12:26:25.156+0000] {manager.py:878} INFO - 
================================================================================
DAG File Processing Stats

File Path                                    PID    Runtime      # DAGs    # Errors  Last Runtime    Last Run
-------------------------------------------  -----  ---------  --------  ----------  --------------  -------------------
/opt/airflow/dags/etl_bronce_origen_demo.py                           1           0  0.14s           2026-08-02T12:25:59
================================================================================
[2026-08-02T12:26:52.997+0000] {manager.py:878} INFO - 
================================================================================
DAG File Processing Stats

File Path                                    PID    Runtime      # DAGs    # Errors  Last Runtime    Last Run
-------------------------------------------  -----  ---------  --------  ----------  --------------  -------------------
/opt/airflow/dags/etl_bronce_origen_demo.py                           1           0  0.15s           2026-08-02T12:26:30
================================================================================
[2026-08-02T12:27:20.743+0000] {manager.py:878} INFO - 
================================================================================
DAG File Processing Stats

File Path                                    PID    Runtime      # DAGs    # Errors  Last Runtime    Last Run
-------------------------------------------  -----  ---------  --------  ----------  --------------  -------------------
/opt/airflow/dags/etl_bronce_origen_demo.py                           1           0  0.17s           2026-08-02T12:27:01
================================================================================
[2026-08-02T12:27:42.500+0000] {manager.py:737} INFO - Searching for files in /opt/airflow/dags
[2026-08-02T12:27:42.516+0000] {manager.py:740} INFO - There are 3 files in /opt/airflow/dags
[2026-08-02T12:27:48.631+0000] {manager.py:878} INFO - 
================================================================================
DAG File Processing Stats

File Path                                    PID    Runtime      # DAGs    # Errors  Last Runtime    Last Run
-------------------------------------------  -----  ---------  --------  ----------  --------------  -------------------
/opt/airflow/dags/etl_bronce_to_gold.py                               1           0  0.20s           2026-08-02T12:27:42
/opt/airflow/dags/etl_erp_to_bronce.py                                1           0  0.19s           2026-08-02T12:27:42
/opt/airflow/dags/etl_bronce_origen_demo.py                           1           0  0.13s           2026-08-02T12:27:32
================================================================================
[2026-08-02T12:28:16.647+0000] {manager.py:878} INFO - 
================================================================================
DAG File Processing Stats

File Path                                    PID    Runtime      # DAGs    # Errors  Last Runtime    Last Run
-------------------------------------------  -----  ---------  --------  ----------  --------------  -------------------
/opt/airflow/dags/etl_bronce_origen_demo.py                           1           0  0.18s           2026-08-02T12:28:02
/opt/airflow/dags/etl_bronce_to_gold.py                               1           0  0.10s           2026-08-02T12:28:13
/opt/airflow/dags/etl_erp_to_bronce.py                                1           0  0.09s           2026-08-02T12:28:13
================================================================================
[2026-08-02T12:28:44.522+0000] {manager.py:878} INFO - 
================================================================================
DAG File Processing Stats

File Path                                      PID  Runtime      # DAGs    # Errors  Last Runtime    Last Run
-------------------------------------------  -----  ---------  --------  ----------  --------------  -------------------
/opt/airflow/dags/etl_bronce_origen_demo.py                           1           0  0.15s           2026-08-02T12:28:33
/opt/airflow/dags/etl_bronce_to_gold.py       1024  0.01s             1           0  0.10s           2026-08-02T12:28:13
/opt/airflow/dags/etl_erp_to_bronce.py        1027  0.00s             1           0  0.09s           2026-08-02T12:28:13
================================================================================
[2026-08-02T12:29:12.422+0000] {manager.py:878} INFO - 
================================================================================
DAG File Processing Stats

File Path                                    PID    Runtime      # DAGs    # Errors  Last Runtime    Last Run
-------------------------------------------  -----  ---------  --------  ----------  --------------  -------------------
/opt/airflow/dags/etl_bronce_origen_demo.py                           1           0  0.14s           2026-08-02T12:29:04
/opt/airflow/dags/etl_bronce_to_gold.py                               1           0  0.09s           2026-08-02T12:28:44
/opt/airflow/dags/etl_erp_to_bronce.py                                1           0  0.08s           2026-08-02T12:28:44
================================================================================
[2026-08-02T12:29:40.130+0000] {manager.py:878} INFO - 
================================================================================
DAG File Processing Stats

File Path                                    PID    Runtime      # DAGs    # Errors  Last Runtime    Last Run
-------------------------------------------  -----  ---------  --------  ----------  --------------  -------------------
/opt/airflow/dags/etl_bronce_origen_demo.py                           1           0  0.18s           2026-08-02T12:29:35
/opt/airflow/dags/etl_bronce_to_gold.py                               1           0  0.12s           2026-08-02T12:29:15
/opt/airflow/dags/etl_erp_to_bronce.py                                1           0  0.12s           2026-08-02T12:29:15
================================================================================
[2026-08-02T12:30:07.972+0000] {manager.py:878} INFO - 
================================================================================
DAG File Processing Stats

File Path                                    PID    Runtime      # DAGs    # Errors  Last Runtime    Last Run
-------------------------------------------  -----  ---------  --------  ----------  --------------  -------------------
/opt/airflow/dags/etl_bronce_origen_demo.py                           1           0  0.15s           2026-08-02T12:30:06
/opt/airflow/dags/etl_bronce_to_gold.py                               1           0  0.10s           2026-08-02T12:29:46
/opt/airflow/dags/etl_erp_to_bronce.py                                1           0  0.10s           2026-08-02T12:29:46
================================================================================
[2026-08-02T12:30:35.769+0000] {manager.py:878} INFO - 
================================================================================
DAG File Processing Stats

File Path                                    PID    Runtime      # DAGs    # Errors  Last Runtime    Last Run
-------------------------------------------  -----  ---------  --------  ----------  --------------  -------------------
/opt/airflow/dags/etl_bronce_origen_demo.py                           1           0  0.15s           2026-08-02T12:30:06
/opt/airflow/dags/etl_bronce_to_gold.py                               1           0  0.11s           2026-08-02T12:30:17
/opt/airflow/dags/etl_erp_to_bronce.py                                1           0  0.10s           2026-08-02T12:30:17
================================================================================
[2026-08-02T12:31:03.578+0000] {manager.py:878} INFO - 
================================================================================
DAG File Processing Stats

File Path                                    PID    Runtime      # DAGs    # Errors  Last Runtime    Last Run
-------------------------------------------  -----  ---------  --------  ----------  --------------  -------------------
/opt/airflow/dags/etl_bronce_origen_demo.py                           1           0  0.15s           2026-08-02T12:30:36
/opt/airflow/dags/etl_bronce_to_gold.py                               1           0  0.09s           2026-08-02T12:30:47
/opt/airflow/dags/etl_erp_to_bronce.py                                1           0  0.09s           2026-08-02T12:30:47
================================================================================
