[2026-08-02T11:52:39.152+0000] {processor.py:161} INFO - Started process (PID=172) to work on /opt/airflow/dags/etl_bronce_origen_demo.py
[2026-08-02T11:52:39.153+0000] {processor.py:830} INFO - Processing file /opt/airflow/dags/etl_bronce_origen_demo.py for tasks to queue
[2026-08-02T11:52:39.155+0000] {logging_mixin.py:188} INFO - [2026-08-02T11:52:39.155+0000] {dagbag.py:545} INFO - Filling up the DagBag from /opt/airflow/dags/etl_bronce_origen_demo.py
[2026-08-02T11:52:39.461+0000] {processor.py:840} INFO - DAG(s) 'etl_bronce_origen_demo' retrieved from /opt/airflow/dags/etl_bronce_origen_demo.py
[2026-08-02T11:52:39.638+0000] {logging_mixin.py:188} INFO - [2026-08-02T11:52:39.638+0000] {override.py:1858} INFO - Created Permission View: can edit on DAG:etl_bronce_origen_demo
[2026-08-02T11:52:39.646+0000] {logging_mixin.py:188} INFO - [2026-08-02T11:52:39.646+0000] {override.py:1858} INFO - Created Permission View: can delete on DAG:etl_bronce_origen_demo
[2026-08-02T11:52:39.654+0000] {logging_mixin.py:188} INFO - [2026-08-02T11:52:39.654+0000] {override.py:1858} INFO - Created Permission View: can read on DAG:etl_bronce_origen_demo
[2026-08-02T11:52:39.655+0000] {logging_mixin.py:188} INFO - [2026-08-02T11:52:39.655+0000] {dag.py:3089} INFO - Sync 1 DAGs
[2026-08-02T11:52:39.664+0000] {logging_mixin.py:188} INFO - [2026-08-02T11:52:39.664+0000] {dag.py:3111} INFO - Creating ORM DAG for etl_bronce_origen_demo
[2026-08-02T11:52:39.665+0000] {logging_mixin.py:188} INFO - [2026-08-02T11:52:39.665+0000] {dag.py:3947} INFO - Setting next_dagrun for etl_bronce_origen_demo to None, run_after=None
[2026-08-02T11:52:39.689+0000] {processor.py:183} INFO - Processing /opt/airflow/dags/etl_bronce_origen_demo.py took 0.542 seconds
[2026-08-02T11:53:09.788+0000] {processor.py:161} INFO - Started process (PID=218) to work on /opt/airflow/dags/etl_bronce_origen_demo.py
[2026-08-02T11:53:09.789+0000] {processor.py:830} INFO - Processing file /opt/airflow/dags/etl_bronce_origen_demo.py for tasks to queue
[2026-08-02T11:53:09.792+0000] {logging_mixin.py:188} INFO - [2026-08-02T11:53:09.791+0000] {dagbag.py:545} INFO - Filling up the DagBag from /opt/airflow/dags/etl_bronce_origen_demo.py
[2026-08-02T11:53:09.858+0000] {processor.py:840} INFO - DAG(s) 'etl_bronce_origen_demo' retrieved from /opt/airflow/dags/etl_bronce_origen_demo.py
[2026-08-02T11:53:09.886+0000] {logging_mixin.py:188} INFO - [2026-08-02T11:53:09.886+0000] {dag.py:3089} INFO - Sync 1 DAGs
[2026-08-02T11:53:09.896+0000] {logging_mixin.py:188} INFO - [2026-08-02T11:53:09.896+0000] {dag.py:3947} INFO - Setting next_dagrun for etl_bronce_origen_demo to None, run_after=None
[2026-08-02T11:53:09.916+0000] {processor.py:183} INFO - Processing /opt/airflow/dags/etl_bronce_origen_demo.py took 0.134 seconds
[2026-08-02T11:53:40.469+0000] {processor.py:161} INFO - Started process (PID=281) to work on /opt/airflow/dags/etl_bronce_origen_demo.py
[2026-08-02T11:53:40.470+0000] {processor.py:830} INFO - Processing file /opt/airflow/dags/etl_bronce_origen_demo.py for tasks to queue
[2026-08-02T11:53:40.472+0000] {logging_mixin.py:188} INFO - [2026-08-02T11:53:40.471+0000] {dagbag.py:545} INFO - Filling up the DagBag from /opt/airflow/dags/etl_bronce_origen_demo.py
[2026-08-02T11:53:40.531+0000] {processor.py:840} INFO - DAG(s) 'etl_bronce_origen_demo' retrieved from /opt/airflow/dags/etl_bronce_origen_demo.py
[2026-08-02T11:53:40.552+0000] {logging_mixin.py:188} INFO - [2026-08-02T11:53:40.552+0000] {dag.py:3089} INFO - Sync 1 DAGs
[2026-08-02T11:53:40.563+0000] {logging_mixin.py:188} INFO - [2026-08-02T11:53:40.563+0000] {dag.py:3947} INFO - Setting next_dagrun for etl_bronce_origen_demo to None, run_after=None
[2026-08-02T11:53:40.583+0000] {processor.py:183} INFO - Processing /opt/airflow/dags/etl_bronce_origen_demo.py took 0.119 seconds
[2026-08-02T11:54:11.268+0000] {processor.py:161} INFO - Started process (PID=322) to work on /opt/airflow/dags/etl_bronce_origen_demo.py
[2026-08-02T11:54:11.269+0000] {processor.py:830} INFO - Processing file /opt/airflow/dags/etl_bronce_origen_demo.py for tasks to queue
[2026-08-02T11:54:11.271+0000] {logging_mixin.py:188} INFO - [2026-08-02T11:54:11.271+0000] {dagbag.py:545} INFO - Filling up the DagBag from /opt/airflow/dags/etl_bronce_origen_demo.py
[2026-08-02T11:54:11.340+0000] {processor.py:840} INFO - DAG(s) 'etl_bronce_origen_demo' retrieved from /opt/airflow/dags/etl_bronce_origen_demo.py
[2026-08-02T11:54:11.364+0000] {logging_mixin.py:188} INFO - [2026-08-02T11:54:11.364+0000] {dag.py:3089} INFO - Sync 1 DAGs
[2026-08-02T11:54:11.373+0000] {logging_mixin.py:188} INFO - [2026-08-02T11:54:11.373+0000] {dag.py:3947} INFO - Setting next_dagrun for etl_bronce_origen_demo to None, run_after=None
[2026-08-02T11:54:11.394+0000] {processor.py:183} INFO - Processing /opt/airflow/dags/etl_bronce_origen_demo.py took 0.132 seconds
[2026-08-02T11:54:42.044+0000] {processor.py:161} INFO - Started process (PID=357) to work on /opt/airflow/dags/etl_bronce_origen_demo.py
[2026-08-02T11:54:42.045+0000] {processor.py:830} INFO - Processing file /opt/airflow/dags/etl_bronce_origen_demo.py for tasks to queue
[2026-08-02T11:54:42.046+0000] {logging_mixin.py:188} INFO - [2026-08-02T11:54:42.046+0000] {dagbag.py:545} INFO - Filling up the DagBag from /opt/airflow/dags/etl_bronce_origen_demo.py
[2026-08-02T11:54:42.101+0000] {processor.py:840} INFO - DAG(s) 'etl_bronce_origen_demo' retrieved from /opt/airflow/dags/etl_bronce_origen_demo.py
[2026-08-02T11:54:42.128+0000] {logging_mixin.py:188} INFO - [2026-08-02T11:54:42.128+0000] {dag.py:3089} INFO - Sync 1 DAGs
[2026-08-02T11:54:42.137+0000] {logging_mixin.py:188} INFO - [2026-08-02T11:54:42.137+0000] {dag.py:3947} INFO - Setting next_dagrun for etl_bronce_origen_demo to None, run_after=None
[2026-08-02T11:54:42.161+0000] {processor.py:183} INFO - Processing /opt/airflow/dags/etl_bronce_origen_demo.py took 0.122 seconds
[2026-08-02T11:55:12.917+0000] {processor.py:161} INFO - Started process (PID=392) to work on /opt/airflow/dags/etl_bronce_origen_demo.py
[2026-08-02T11:55:12.918+0000] {processor.py:830} INFO - Processing file /opt/airflow/dags/etl_bronce_origen_demo.py for tasks to queue
[2026-08-02T11:55:12.919+0000] {logging_mixin.py:188} INFO - [2026-08-02T11:55:12.919+0000] {dagbag.py:545} INFO - Filling up the DagBag from /opt/airflow/dags/etl_bronce_origen_demo.py
[2026-08-02T11:55:12.976+0000] {processor.py:840} INFO - DAG(s) 'etl_bronce_origen_demo' retrieved from /opt/airflow/dags/etl_bronce_origen_demo.py
[2026-08-02T11:55:13.000+0000] {logging_mixin.py:188} INFO - [2026-08-02T11:55:13.000+0000] {dag.py:3089} INFO - Sync 1 DAGs
[2026-08-02T11:55:13.009+0000] {logging_mixin.py:188} INFO - [2026-08-02T11:55:13.008+0000] {dag.py:3947} INFO - Setting next_dagrun for etl_bronce_origen_demo to None, run_after=None
[2026-08-02T11:55:13.032+0000] {processor.py:183} INFO - Processing /opt/airflow/dags/etl_bronce_origen_demo.py took 0.120 seconds
[2026-08-02T11:55:43.096+0000] {processor.py:161} INFO - Started process (PID=433) to work on /opt/airflow/dags/etl_bronce_origen_demo.py
[2026-08-02T11:55:43.098+0000] {processor.py:830} INFO - Processing file /opt/airflow/dags/etl_bronce_origen_demo.py for tasks to queue
[2026-08-02T11:55:43.100+0000] {logging_mixin.py:188} INFO - [2026-08-02T11:55:43.099+0000] {dagbag.py:545} INFO - Filling up the DagBag from /opt/airflow/dags/etl_bronce_origen_demo.py
[2026-08-02T11:55:43.170+0000] {processor.py:840} INFO - DAG(s) 'etl_bronce_origen_demo' retrieved from /opt/airflow/dags/etl_bronce_origen_demo.py
[2026-08-02T11:55:43.196+0000] {logging_mixin.py:188} INFO - [2026-08-02T11:55:43.196+0000] {dag.py:3089} INFO - Sync 1 DAGs
[2026-08-02T11:55:43.206+0000] {logging_mixin.py:188} INFO - [2026-08-02T11:55:43.205+0000] {dag.py:3947} INFO - Setting next_dagrun for etl_bronce_origen_demo to None, run_after=None
[2026-08-02T11:55:43.232+0000] {processor.py:183} INFO - Processing /opt/airflow/dags/etl_bronce_origen_demo.py took 0.141 seconds
[2026-08-02T11:56:13.766+0000] {processor.py:161} INFO - Started process (PID=474) to work on /opt/airflow/dags/etl_bronce_origen_demo.py
[2026-08-02T11:56:13.767+0000] {processor.py:830} INFO - Processing file /opt/airflow/dags/etl_bronce_origen_demo.py for tasks to queue
[2026-08-02T11:56:13.770+0000] {logging_mixin.py:188} INFO - [2026-08-02T11:56:13.770+0000] {dagbag.py:545} INFO - Filling up the DagBag from /opt/airflow/dags/etl_bronce_origen_demo.py
[2026-08-02T11:56:13.845+0000] {processor.py:840} INFO - DAG(s) 'etl_bronce_origen_demo' retrieved from /opt/airflow/dags/etl_bronce_origen_demo.py
[2026-08-02T11:56:13.875+0000] {logging_mixin.py:188} INFO - [2026-08-02T11:56:13.875+0000] {dag.py:3089} INFO - Sync 1 DAGs
[2026-08-02T11:56:13.885+0000] {logging_mixin.py:188} INFO - [2026-08-02T11:56:13.885+0000] {dag.py:3947} INFO - Setting next_dagrun for etl_bronce_origen_demo to None, run_after=None
[2026-08-02T11:56:13.914+0000] {processor.py:183} INFO - Processing /opt/airflow/dags/etl_bronce_origen_demo.py took 0.154 seconds
[2026-08-02T11:56:44.682+0000] {processor.py:161} INFO - Started process (PID=479) to work on /opt/airflow/dags/etl_bronce_origen_demo.py
[2026-08-02T11:56:44.683+0000] {processor.py:830} INFO - Processing file /opt/airflow/dags/etl_bronce_origen_demo.py for tasks to queue
[2026-08-02T11:56:44.684+0000] {logging_mixin.py:188} INFO - [2026-08-02T11:56:44.684+0000] {dagbag.py:545} INFO - Filling up the DagBag from /opt/airflow/dags/etl_bronce_origen_demo.py
[2026-08-02T11:56:44.742+0000] {processor.py:840} INFO - DAG(s) 'etl_bronce_origen_demo' retrieved from /opt/airflow/dags/etl_bronce_origen_demo.py
[2026-08-02T11:56:44.765+0000] {logging_mixin.py:188} INFO - [2026-08-02T11:56:44.765+0000] {dag.py:3089} INFO - Sync 1 DAGs
[2026-08-02T11:56:44.773+0000] {logging_mixin.py:188} INFO - [2026-08-02T11:56:44.773+0000] {dag.py:3947} INFO - Setting next_dagrun for etl_bronce_origen_demo to None, run_after=None
[2026-08-02T11:56:44.789+0000] {processor.py:183} INFO - Processing /opt/airflow/dags/etl_bronce_origen_demo.py took 0.111 seconds
[2026-08-02T11:57:15.427+0000] {processor.py:161} INFO - Started process (PID=484) to work on /opt/airflow/dags/etl_bronce_origen_demo.py
[2026-08-02T11:57:15.429+0000] {processor.py:830} INFO - Processing file /opt/airflow/dags/etl_bronce_origen_demo.py for tasks to queue
[2026-08-02T11:57:15.431+0000] {logging_mixin.py:188} INFO - [2026-08-02T11:57:15.430+0000] {dagbag.py:545} INFO - Filling up the DagBag from /opt/airflow/dags/etl_bronce_origen_demo.py
[2026-08-02T11:57:15.497+0000] {processor.py:840} INFO - DAG(s) 'etl_bronce_origen_demo' retrieved from /opt/airflow/dags/etl_bronce_origen_demo.py
[2026-08-02T11:57:15.522+0000] {logging_mixin.py:188} INFO - [2026-08-02T11:57:15.521+0000] {dag.py:3089} INFO - Sync 1 DAGs
[2026-08-02T11:57:15.534+0000] {logging_mixin.py:188} INFO - [2026-08-02T11:57:15.533+0000] {dag.py:3947} INFO - Setting next_dagrun for etl_bronce_origen_demo to None, run_after=None
[2026-08-02T11:57:15.559+0000] {processor.py:183} INFO - Processing /opt/airflow/dags/etl_bronce_origen_demo.py took 0.136 seconds
[2026-08-02T11:57:46.082+0000] {processor.py:161} INFO - Started process (PID=489) to work on /opt/airflow/dags/etl_bronce_origen_demo.py
[2026-08-02T11:57:46.083+0000] {processor.py:830} INFO - Processing file /opt/airflow/dags/etl_bronce_origen_demo.py for tasks to queue
[2026-08-02T11:57:46.085+0000] {logging_mixin.py:188} INFO - [2026-08-02T11:57:46.085+0000] {dagbag.py:545} INFO - Filling up the DagBag from /opt/airflow/dags/etl_bronce_origen_demo.py
[2026-08-02T11:57:46.145+0000] {processor.py:840} INFO - DAG(s) 'etl_bronce_origen_demo' retrieved from /opt/airflow/dags/etl_bronce_origen_demo.py
[2026-08-02T11:57:46.171+0000] {logging_mixin.py:188} INFO - [2026-08-02T11:57:46.171+0000] {dag.py:3089} INFO - Sync 1 DAGs
[2026-08-02T11:57:46.181+0000] {logging_mixin.py:188} INFO - [2026-08-02T11:57:46.181+0000] {dag.py:3947} INFO - Setting next_dagrun for etl_bronce_origen_demo to None, run_after=None
[2026-08-02T11:57:46.207+0000] {processor.py:183} INFO - Processing /opt/airflow/dags/etl_bronce_origen_demo.py took 0.129 seconds
[2026-08-02T11:58:16.633+0000] {processor.py:161} INFO - Started process (PID=494) to work on /opt/airflow/dags/etl_bronce_origen_demo.py
[2026-08-02T11:58:16.635+0000] {processor.py:830} INFO - Processing file /opt/airflow/dags/etl_bronce_origen_demo.py for tasks to queue
[2026-08-02T11:58:16.637+0000] {logging_mixin.py:188} INFO - [2026-08-02T11:58:16.636+0000] {dagbag.py:545} INFO - Filling up the DagBag from /opt/airflow/dags/etl_bronce_origen_demo.py
[2026-08-02T11:58:16.715+0000] {processor.py:840} INFO - DAG(s) 'etl_bronce_origen_demo' retrieved from /opt/airflow/dags/etl_bronce_origen_demo.py
[2026-08-02T11:58:16.742+0000] {logging_mixin.py:188} INFO - [2026-08-02T11:58:16.741+0000] {dag.py:3089} INFO - Sync 1 DAGs
[2026-08-02T11:58:16.752+0000] {logging_mixin.py:188} INFO - [2026-08-02T11:58:16.752+0000] {dag.py:3947} INFO - Setting next_dagrun for etl_bronce_origen_demo to None, run_after=None
[2026-08-02T11:58:16.779+0000] {processor.py:183} INFO - Processing /opt/airflow/dags/etl_bronce_origen_demo.py took 0.152 seconds
[2026-08-02T11:58:47.600+0000] {processor.py:161} INFO - Started process (PID=499) to work on /opt/airflow/dags/etl_bronce_origen_demo.py
[2026-08-02T11:58:47.601+0000] {processor.py:830} INFO - Processing file /opt/airflow/dags/etl_bronce_origen_demo.py for tasks to queue
[2026-08-02T11:58:47.602+0000] {logging_mixin.py:188} INFO - [2026-08-02T11:58:47.602+0000] {dagbag.py:545} INFO - Filling up the DagBag from /opt/airflow/dags/etl_bronce_origen_demo.py
[2026-08-02T11:58:47.669+0000] {processor.py:840} INFO - DAG(s) 'etl_bronce_origen_demo' retrieved from /opt/airflow/dags/etl_bronce_origen_demo.py
[2026-08-02T11:58:47.700+0000] {logging_mixin.py:188} INFO - [2026-08-02T11:58:47.700+0000] {dag.py:3089} INFO - Sync 1 DAGs
[2026-08-02T11:58:47.713+0000] {logging_mixin.py:188} INFO - [2026-08-02T11:58:47.713+0000] {dag.py:3947} INFO - Setting next_dagrun for etl_bronce_origen_demo to None, run_after=None
[2026-08-02T11:58:47.743+0000] {processor.py:183} INFO - Processing /opt/airflow/dags/etl_bronce_origen_demo.py took 0.148 seconds
[2026-08-02T11:59:18.376+0000] {processor.py:161} INFO - Started process (PID=504) to work on /opt/airflow/dags/etl_bronce_origen_demo.py
[2026-08-02T11:59:18.377+0000] {processor.py:830} INFO - Processing file /opt/airflow/dags/etl_bronce_origen_demo.py for tasks to queue
[2026-08-02T11:59:18.378+0000] {logging_mixin.py:188} INFO - [2026-08-02T11:59:18.378+0000] {dagbag.py:545} INFO - Filling up the DagBag from /opt/airflow/dags/etl_bronce_origen_demo.py
[2026-08-02T11:59:18.436+0000] {processor.py:840} INFO - DAG(s) 'etl_bronce_origen_demo' retrieved from /opt/airflow/dags/etl_bronce_origen_demo.py
[2026-08-02T11:59:18.461+0000] {logging_mixin.py:188} INFO - [2026-08-02T11:59:18.461+0000] {dag.py:3089} INFO - Sync 1 DAGs
[2026-08-02T11:59:18.470+0000] {logging_mixin.py:188} INFO - [2026-08-02T11:59:18.470+0000] {dag.py:3947} INFO - Setting next_dagrun for etl_bronce_origen_demo to None, run_after=None
[2026-08-02T11:59:18.496+0000] {processor.py:183} INFO - Processing /opt/airflow/dags/etl_bronce_origen_demo.py took 0.124 seconds
[2026-08-02T11:59:49.238+0000] {processor.py:161} INFO - Started process (PID=544) to work on /opt/airflow/dags/etl_bronce_origen_demo.py
[2026-08-02T11:59:49.239+0000] {processor.py:830} INFO - Processing file /opt/airflow/dags/etl_bronce_origen_demo.py for tasks to queue
[2026-08-02T11:59:49.241+0000] {logging_mixin.py:188} INFO - [2026-08-02T11:59:49.241+0000] {dagbag.py:545} INFO - Filling up the DagBag from /opt/airflow/dags/etl_bronce_origen_demo.py
[2026-08-02T11:59:49.296+0000] {processor.py:840} INFO - DAG(s) 'etl_bronce_origen_demo' retrieved from /opt/airflow/dags/etl_bronce_origen_demo.py
[2026-08-02T11:59:49.320+0000] {logging_mixin.py:188} INFO - [2026-08-02T11:59:49.320+0000] {dag.py:3089} INFO - Sync 1 DAGs
[2026-08-02T11:59:49.330+0000] {logging_mixin.py:188} INFO - [2026-08-02T11:59:49.330+0000] {dag.py:3947} INFO - Setting next_dagrun for etl_bronce_origen_demo to None, run_after=None
[2026-08-02T11:59:46.511+0000] {processor.py:183} INFO - Processing /opt/airflow/dags/etl_bronce_origen_demo.py took 0.115 seconds
[2026-08-02T12:00:17.233+0000] {processor.py:161} INFO - Started process (PID=579) to work on /opt/airflow/dags/etl_bronce_origen_demo.py
[2026-08-02T12:00:17.234+0000] {processor.py:830} INFO - Processing file /opt/airflow/dags/etl_bronce_origen_demo.py for tasks to queue
[2026-08-02T12:00:17.237+0000] {logging_mixin.py:188} INFO - [2026-08-02T12:00:17.236+0000] {dagbag.py:545} INFO - Filling up the DagBag from /opt/airflow/dags/etl_bronce_origen_demo.py
[2026-08-02T12:00:17.358+0000] {processor.py:840} INFO - DAG(s) 'etl_bronce_origen_demo' retrieved from /opt/airflow/dags/etl_bronce_origen_demo.py
[2026-08-02T12:00:17.390+0000] {logging_mixin.py:188} INFO - [2026-08-02T12:00:17.390+0000] {dag.py:3089} INFO - Sync 1 DAGs
[2026-08-02T12:00:17.401+0000] {logging_mixin.py:188} INFO - [2026-08-02T12:00:17.401+0000] {dag.py:3947} INFO - Setting next_dagrun for etl_bronce_origen_demo to None, run_after=None
[2026-08-02T12:00:17.420+0000] {processor.py:183} INFO - Processing /opt/airflow/dags/etl_bronce_origen_demo.py took 0.195 seconds
[2026-08-02T12:00:48.079+0000] {processor.py:161} INFO - Started process (PID=608) to work on /opt/airflow/dags/etl_bronce_origen_demo.py
[2026-08-02T12:00:48.079+0000] {processor.py:830} INFO - Processing file /opt/airflow/dags/etl_bronce_origen_demo.py for tasks to queue
[2026-08-02T12:00:48.081+0000] {logging_mixin.py:188} INFO - [2026-08-02T12:00:48.081+0000] {dagbag.py:545} INFO - Filling up the DagBag from /opt/airflow/dags/etl_bronce_origen_demo.py
[2026-08-02T12:00:48.155+0000] {processor.py:840} INFO - DAG(s) 'etl_bronce_origen_demo' retrieved from /opt/airflow/dags/etl_bronce_origen_demo.py
[2026-08-02T12:00:48.180+0000] {logging_mixin.py:188} INFO - [2026-08-02T12:00:48.180+0000] {dag.py:3089} INFO - Sync 1 DAGs
[2026-08-02T12:00:48.189+0000] {logging_mixin.py:188} INFO - [2026-08-02T12:00:48.189+0000] {dag.py:3947} INFO - Setting next_dagrun for etl_bronce_origen_demo to None, run_after=None
[2026-08-02T12:00:48.219+0000] {processor.py:183} INFO - Processing /opt/airflow/dags/etl_bronce_origen_demo.py took 0.144 seconds
[2026-08-02T12:01:18.816+0000] {processor.py:161} INFO - Started process (PID=643) to work on /opt/airflow/dags/etl_bronce_origen_demo.py
[2026-08-02T12:01:18.817+0000] {processor.py:830} INFO - Processing file /opt/airflow/dags/etl_bronce_origen_demo.py for tasks to queue
[2026-08-02T12:01:18.819+0000] {logging_mixin.py:188} INFO - [2026-08-02T12:01:18.819+0000] {dagbag.py:545} INFO - Filling up the DagBag from /opt/airflow/dags/etl_bronce_origen_demo.py
[2026-08-02T12:01:18.893+0000] {processor.py:840} INFO - DAG(s) 'etl_bronce_origen_demo' retrieved from /opt/airflow/dags/etl_bronce_origen_demo.py
[2026-08-02T12:01:18.915+0000] {logging_mixin.py:188} INFO - [2026-08-02T12:01:18.915+0000] {dag.py:3089} INFO - Sync 1 DAGs
[2026-08-02T12:01:18.925+0000] {logging_mixin.py:188} INFO - [2026-08-02T12:01:18.925+0000] {dag.py:3947} INFO - Setting next_dagrun for etl_bronce_origen_demo to None, run_after=None
[2026-08-02T12:01:18.944+0000] {processor.py:183} INFO - Processing /opt/airflow/dags/etl_bronce_origen_demo.py took 0.135 seconds
[2026-08-02T12:01:49.496+0000] {processor.py:161} INFO - Started process (PID=672) to work on /opt/airflow/dags/etl_bronce_origen_demo.py
[2026-08-02T12:01:49.497+0000] {processor.py:830} INFO - Processing file /opt/airflow/dags/etl_bronce_origen_demo.py for tasks to queue
[2026-08-02T12:01:49.499+0000] {logging_mixin.py:188} INFO - [2026-08-02T12:01:49.499+0000] {dagbag.py:545} INFO - Filling up the DagBag from /opt/airflow/dags/etl_bronce_origen_demo.py
[2026-08-02T12:01:49.567+0000] {processor.py:840} INFO - DAG(s) 'etl_bronce_origen_demo' retrieved from /opt/airflow/dags/etl_bronce_origen_demo.py
[2026-08-02T12:01:49.594+0000] {logging_mixin.py:188} INFO - [2026-08-02T12:01:49.593+0000] {dag.py:3089} INFO - Sync 1 DAGs
[2026-08-02T12:01:49.606+0000] {logging_mixin.py:188} INFO - [2026-08-02T12:01:49.605+0000] {dag.py:3947} INFO - Setting next_dagrun for etl_bronce_origen_demo to None, run_after=None
[2026-08-02T12:01:49.630+0000] {processor.py:183} INFO - Processing /opt/airflow/dags/etl_bronce_origen_demo.py took 0.140 seconds
[2026-08-02T12:02:20.210+0000] {processor.py:161} INFO - Started process (PID=707) to work on /opt/airflow/dags/etl_bronce_origen_demo.py
[2026-08-02T12:02:20.211+0000] {processor.py:830} INFO - Processing file /opt/airflow/dags/etl_bronce_origen_demo.py for tasks to queue
[2026-08-02T12:02:20.213+0000] {logging_mixin.py:188} INFO - [2026-08-02T12:02:20.213+0000] {dagbag.py:545} INFO - Filling up the DagBag from /opt/airflow/dags/etl_bronce_origen_demo.py
[2026-08-02T12:02:20.293+0000] {processor.py:840} INFO - DAG(s) 'etl_bronce_origen_demo' retrieved from /opt/airflow/dags/etl_bronce_origen_demo.py
[2026-08-02T12:02:20.319+0000] {logging_mixin.py:188} INFO - [2026-08-02T12:02:20.318+0000] {dag.py:3089} INFO - Sync 1 DAGs
[2026-08-02T12:02:20.328+0000] {logging_mixin.py:188} INFO - [2026-08-02T12:02:20.328+0000] {dag.py:3947} INFO - Setting next_dagrun for etl_bronce_origen_demo to None, run_after=None
[2026-08-02T12:02:20.356+0000] {processor.py:183} INFO - Processing /opt/airflow/dags/etl_bronce_origen_demo.py took 0.152 seconds
[2026-08-02T12:02:50.942+0000] {processor.py:161} INFO - Started process (PID=749) to work on /opt/airflow/dags/etl_bronce_origen_demo.py
[2026-08-02T12:02:50.943+0000] {processor.py:830} INFO - Processing file /opt/airflow/dags/etl_bronce_origen_demo.py for tasks to queue
[2026-08-02T12:02:50.945+0000] {logging_mixin.py:188} INFO - [2026-08-02T12:02:50.945+0000] {dagbag.py:545} INFO - Filling up the DagBag from /opt/airflow/dags/etl_bronce_origen_demo.py
[2026-08-02T12:02:51.007+0000] {processor.py:840} INFO - DAG(s) 'etl_bronce_origen_demo' retrieved from /opt/airflow/dags/etl_bronce_origen_demo.py
[2026-08-02T12:02:51.030+0000] {logging_mixin.py:188} INFO - [2026-08-02T12:02:51.030+0000] {dag.py:3089} INFO - Sync 1 DAGs
[2026-08-02T12:02:51.039+0000] {logging_mixin.py:188} INFO - [2026-08-02T12:02:51.039+0000] {dag.py:3947} INFO - Setting next_dagrun for etl_bronce_origen_demo to None, run_after=None
[2026-08-02T12:02:51.070+0000] {processor.py:183} INFO - Processing /opt/airflow/dags/etl_bronce_origen_demo.py took 0.133 seconds
[2026-08-02T12:03:21.772+0000] {processor.py:161} INFO - Started process (PID=754) to work on /opt/airflow/dags/etl_bronce_origen_demo.py
[2026-08-02T12:03:21.773+0000] {processor.py:830} INFO - Processing file /opt/airflow/dags/etl_bronce_origen_demo.py for tasks to queue
[2026-08-02T12:03:21.775+0000] {logging_mixin.py:188} INFO - [2026-08-02T12:03:21.775+0000] {dagbag.py:545} INFO - Filling up the DagBag from /opt/airflow/dags/etl_bronce_origen_demo.py
[2026-08-02T12:03:21.834+0000] {processor.py:840} INFO - DAG(s) 'etl_bronce_origen_demo' retrieved from /opt/airflow/dags/etl_bronce_origen_demo.py
[2026-08-02T12:03:21.862+0000] {logging_mixin.py:188} INFO - [2026-08-02T12:03:21.862+0000] {dag.py:3089} INFO - Sync 1 DAGs
[2026-08-02T12:03:21.874+0000] {logging_mixin.py:188} INFO - [2026-08-02T12:03:21.874+0000] {dag.py:3947} INFO - Setting next_dagrun for etl_bronce_origen_demo to None, run_after=None
[2026-08-02T12:03:21.901+0000] {processor.py:183} INFO - Processing /opt/airflow/dags/etl_bronce_origen_demo.py took 0.133 seconds
[2026-08-02T12:03:52.761+0000] {processor.py:161} INFO - Started process (PID=759) to work on /opt/airflow/dags/etl_bronce_origen_demo.py
[2026-08-02T12:03:52.762+0000] {processor.py:830} INFO - Processing file /opt/airflow/dags/etl_bronce_origen_demo.py for tasks to queue
[2026-08-02T12:03:52.764+0000] {logging_mixin.py:188} INFO - [2026-08-02T12:03:52.763+0000] {dagbag.py:545} INFO - Filling up the DagBag from /opt/airflow/dags/etl_bronce_origen_demo.py
[2026-08-02T12:03:52.818+0000] {processor.py:840} INFO - DAG(s) 'etl_bronce_origen_demo' retrieved from /opt/airflow/dags/etl_bronce_origen_demo.py
[2026-08-02T12:03:52.842+0000] {logging_mixin.py:188} INFO - [2026-08-02T12:03:52.842+0000] {dag.py:3089} INFO - Sync 1 DAGs
[2026-08-02T12:03:52.851+0000] {logging_mixin.py:188} INFO - [2026-08-02T12:03:52.851+0000] {dag.py:3947} INFO - Setting next_dagrun for etl_bronce_origen_demo to None, run_after=None
[2026-08-02T12:03:52.864+0000] {processor.py:183} INFO - Processing /opt/airflow/dags/etl_bronce_origen_demo.py took 0.109 seconds
[2026-08-02T12:04:22.954+0000] {processor.py:161} INFO - Started process (PID=764) to work on /opt/airflow/dags/etl_bronce_origen_demo.py
[2026-08-02T12:04:22.955+0000] {processor.py:830} INFO - Processing file /opt/airflow/dags/etl_bronce_origen_demo.py for tasks to queue
[2026-08-02T12:04:22.957+0000] {logging_mixin.py:188} INFO - [2026-08-02T12:04:22.957+0000] {dagbag.py:545} INFO - Filling up the DagBag from /opt/airflow/dags/etl_bronce_origen_demo.py
[2026-08-02T12:04:23.026+0000] {processor.py:840} INFO - DAG(s) 'etl_bronce_origen_demo' retrieved from /opt/airflow/dags/etl_bronce_origen_demo.py
[2026-08-02T12:04:23.056+0000] {logging_mixin.py:188} INFO - [2026-08-02T12:04:23.056+0000] {dag.py:3089} INFO - Sync 1 DAGs
[2026-08-02T12:04:23.072+0000] {logging_mixin.py:188} INFO - [2026-08-02T12:04:23.072+0000] {dag.py:3947} INFO - Setting next_dagrun for etl_bronce_origen_demo to None, run_after=None
[2026-08-02T12:04:23.105+0000] {processor.py:183} INFO - Processing /opt/airflow/dags/etl_bronce_origen_demo.py took 0.155 seconds
[2026-08-02T12:04:53.990+0000] {processor.py:161} INFO - Started process (PID=769) to work on /opt/airflow/dags/etl_bronce_origen_demo.py
[2026-08-02T12:04:53.992+0000] {processor.py:830} INFO - Processing file /opt/airflow/dags/etl_bronce_origen_demo.py for tasks to queue
[2026-08-02T12:04:53.994+0000] {logging_mixin.py:188} INFO - [2026-08-02T12:04:53.994+0000] {dagbag.py:545} INFO - Filling up the DagBag from /opt/airflow/dags/etl_bronce_origen_demo.py
[2026-08-02T12:04:54.081+0000] {processor.py:840} INFO - DAG(s) 'etl_bronce_origen_demo' retrieved from /opt/airflow/dags/etl_bronce_origen_demo.py
[2026-08-02T12:04:54.105+0000] {logging_mixin.py:188} INFO - [2026-08-02T12:04:54.105+0000] {dag.py:3089} INFO - Sync 1 DAGs
[2026-08-02T12:04:54.117+0000] {logging_mixin.py:188} INFO - [2026-08-02T12:04:54.116+0000] {dag.py:3947} INFO - Setting next_dagrun for etl_bronce_origen_demo to None, run_after=None
[2026-08-02T12:04:54.133+0000] {processor.py:183} INFO - Processing /opt/airflow/dags/etl_bronce_origen_demo.py took 0.148 seconds
[2026-08-02T12:05:25.005+0000] {processor.py:161} INFO - Started process (PID=774) to work on /opt/airflow/dags/etl_bronce_origen_demo.py
[2026-08-02T12:05:25.006+0000] {processor.py:830} INFO - Processing file /opt/airflow/dags/etl_bronce_origen_demo.py for tasks to queue
[2026-08-02T12:05:25.008+0000] {logging_mixin.py:188} INFO - [2026-08-02T12:05:25.008+0000] {dagbag.py:545} INFO - Filling up the DagBag from /opt/airflow/dags/etl_bronce_origen_demo.py
[2026-08-02T12:05:25.073+0000] {processor.py:840} INFO - DAG(s) 'etl_bronce_origen_demo' retrieved from /opt/airflow/dags/etl_bronce_origen_demo.py
[2026-08-02T12:05:25.098+0000] {logging_mixin.py:188} INFO - [2026-08-02T12:05:25.098+0000] {dag.py:3089} INFO - Sync 1 DAGs
[2026-08-02T12:05:25.108+0000] {logging_mixin.py:188} INFO - [2026-08-02T12:05:25.108+0000] {dag.py:3947} INFO - Setting next_dagrun for etl_bronce_origen_demo to None, run_after=None
[2026-08-02T12:05:25.132+0000] {processor.py:183} INFO - Processing /opt/airflow/dags/etl_bronce_origen_demo.py took 0.132 seconds
[2026-08-02T12:05:55.912+0000] {processor.py:161} INFO - Started process (PID=779) to work on /opt/airflow/dags/etl_bronce_origen_demo.py
[2026-08-02T12:05:55.913+0000] {processor.py:830} INFO - Processing file /opt/airflow/dags/etl_bronce_origen_demo.py for tasks to queue
[2026-08-02T12:05:55.915+0000] {logging_mixin.py:188} INFO - [2026-08-02T12:05:55.915+0000] {dagbag.py:545} INFO - Filling up the DagBag from /opt/airflow/dags/etl_bronce_origen_demo.py
[2026-08-02T12:05:55.968+0000] {processor.py:840} INFO - DAG(s) 'etl_bronce_origen_demo' retrieved from /opt/airflow/dags/etl_bronce_origen_demo.py
[2026-08-02T12:05:55.991+0000] {logging_mixin.py:188} INFO - [2026-08-02T12:05:55.991+0000] {dag.py:3089} INFO - Sync 1 DAGs
[2026-08-02T12:05:56.000+0000] {logging_mixin.py:188} INFO - [2026-08-02T12:05:56.000+0000] {dag.py:3947} INFO - Setting next_dagrun for etl_bronce_origen_demo to None, run_after=None
[2026-08-02T12:05:56.014+0000] {processor.py:183} INFO - Processing /opt/airflow/dags/etl_bronce_origen_demo.py took 0.105 seconds
[2026-08-02T12:06:26.665+0000] {processor.py:161} INFO - Started process (PID=784) to work on /opt/airflow/dags/etl_bronce_origen_demo.py
[2026-08-02T12:06:26.665+0000] {processor.py:830} INFO - Processing file /opt/airflow/dags/etl_bronce_origen_demo.py for tasks to queue
[2026-08-02T12:06:26.667+0000] {logging_mixin.py:188} INFO - [2026-08-02T12:06:26.666+0000] {dagbag.py:545} INFO - Filling up the DagBag from /opt/airflow/dags/etl_bronce_origen_demo.py
[2026-08-02T12:06:26.725+0000] {processor.py:840} INFO - DAG(s) 'etl_bronce_origen_demo' retrieved from /opt/airflow/dags/etl_bronce_origen_demo.py
[2026-08-02T12:06:26.747+0000] {logging_mixin.py:188} INFO - [2026-08-02T12:06:26.747+0000] {dag.py:3089} INFO - Sync 1 DAGs
[2026-08-02T12:06:26.757+0000] {logging_mixin.py:188} INFO - [2026-08-02T12:06:26.757+0000] {dag.py:3947} INFO - Setting next_dagrun for etl_bronce_origen_demo to None, run_after=None
[2026-08-02T12:06:26.771+0000] {processor.py:183} INFO - Processing /opt/airflow/dags/etl_bronce_origen_demo.py took 0.110 seconds
[2026-08-02T12:06:57.603+0000] {processor.py:161} INFO - Started process (PID=789) to work on /opt/airflow/dags/etl_bronce_origen_demo.py
[2026-08-02T12:06:57.604+0000] {processor.py:830} INFO - Processing file /opt/airflow/dags/etl_bronce_origen_demo.py for tasks to queue
[2026-08-02T12:06:57.606+0000] {logging_mixin.py:188} INFO - [2026-08-02T12:06:57.606+0000] {dagbag.py:545} INFO - Filling up the DagBag from /opt/airflow/dags/etl_bronce_origen_demo.py
[2026-08-02T12:06:57.673+0000] {processor.py:840} INFO - DAG(s) 'etl_bronce_origen_demo' retrieved from /opt/airflow/dags/etl_bronce_origen_demo.py
[2026-08-02T12:06:57.703+0000] {logging_mixin.py:188} INFO - [2026-08-02T12:06:57.702+0000] {dag.py:3089} INFO - Sync 1 DAGs
[2026-08-02T12:06:57.712+0000] {logging_mixin.py:188} INFO - [2026-08-02T12:06:57.712+0000] {dag.py:3947} INFO - Setting next_dagrun for etl_bronce_origen_demo to None, run_after=None
[2026-08-02T12:06:57.738+0000] {processor.py:183} INFO - Processing /opt/airflow/dags/etl_bronce_origen_demo.py took 0.140 seconds
[2026-08-02T12:07:28.640+0000] {processor.py:161} INFO - Started process (PID=794) to work on /opt/airflow/dags/etl_bronce_origen_demo.py
[2026-08-02T12:07:28.641+0000] {processor.py:830} INFO - Processing file /opt/airflow/dags/etl_bronce_origen_demo.py for tasks to queue
[2026-08-02T12:07:28.643+0000] {logging_mixin.py:188} INFO - [2026-08-02T12:07:28.643+0000] {dagbag.py:545} INFO - Filling up the DagBag from /opt/airflow/dags/etl_bronce_origen_demo.py
[2026-08-02T12:07:28.702+0000] {processor.py:840} INFO - DAG(s) 'etl_bronce_origen_demo' retrieved from /opt/airflow/dags/etl_bronce_origen_demo.py
[2026-08-02T12:07:28.731+0000] {logging_mixin.py:188} INFO - [2026-08-02T12:07:28.730+0000] {dag.py:3089} INFO - Sync 1 DAGs
[2026-08-02T12:07:28.741+0000] {logging_mixin.py:188} INFO - [2026-08-02T12:07:28.741+0000] {dag.py:3947} INFO - Setting next_dagrun for etl_bronce_origen_demo to None, run_after=None
[2026-08-02T12:07:28.772+0000] {processor.py:183} INFO - Processing /opt/airflow/dags/etl_bronce_origen_demo.py took 0.136 seconds
[2026-08-02T12:07:59.479+0000] {processor.py:161} INFO - Started process (PID=799) to work on /opt/airflow/dags/etl_bronce_origen_demo.py
[2026-08-02T12:07:59.480+0000] {processor.py:830} INFO - Processing file /opt/airflow/dags/etl_bronce_origen_demo.py for tasks to queue
[2026-08-02T12:07:59.483+0000] {logging_mixin.py:188} INFO - [2026-08-02T12:07:59.482+0000] {dagbag.py:545} INFO - Filling up the DagBag from /opt/airflow/dags/etl_bronce_origen_demo.py
[2026-08-02T12:07:59.588+0000] {processor.py:840} INFO - DAG(s) 'etl_bronce_origen_demo' retrieved from /opt/airflow/dags/etl_bronce_origen_demo.py
[2026-08-02T12:07:59.624+0000] {logging_mixin.py:188} INFO - [2026-08-02T12:07:59.624+0000] {dag.py:3089} INFO - Sync 1 DAGs
[2026-08-02T12:07:59.642+0000] {logging_mixin.py:188} INFO - [2026-08-02T12:07:59.641+0000] {dag.py:3947} INFO - Setting next_dagrun for etl_bronce_origen_demo to None, run_after=None
[2026-08-02T12:07:59.667+0000] {processor.py:183} INFO - Processing /opt/airflow/dags/etl_bronce_origen_demo.py took 0.193 seconds
[2026-08-02T12:08:29.859+0000] {processor.py:161} INFO - Started process (PID=804) to work on /opt/airflow/dags/etl_bronce_origen_demo.py
[2026-08-02T12:08:29.860+0000] {processor.py:830} INFO - Processing file /opt/airflow/dags/etl_bronce_origen_demo.py for tasks to queue
[2026-08-02T12:08:29.861+0000] {logging_mixin.py:188} INFO - [2026-08-02T12:08:29.861+0000] {dagbag.py:545} INFO - Filling up the DagBag from /opt/airflow/dags/etl_bronce_origen_demo.py
[2026-08-02T12:08:29.932+0000] {processor.py:840} INFO - DAG(s) 'etl_bronce_origen_demo' retrieved from /opt/airflow/dags/etl_bronce_origen_demo.py
[2026-08-02T12:08:29.958+0000] {logging_mixin.py:188} INFO - [2026-08-02T12:08:29.958+0000] {dag.py:3089} INFO - Sync 1 DAGs
[2026-08-02T12:08:29.968+0000] {logging_mixin.py:188} INFO - [2026-08-02T12:08:29.968+0000] {dag.py:3947} INFO - Setting next_dagrun for etl_bronce_origen_demo to None, run_after=None
[2026-08-02T12:08:29.993+0000] {processor.py:183} INFO - Processing /opt/airflow/dags/etl_bronce_origen_demo.py took 0.139 seconds
[2026-08-02T12:09:00.829+0000] {processor.py:161} INFO - Started process (PID=809) to work on /opt/airflow/dags/etl_bronce_origen_demo.py
[2026-08-02T12:09:00.830+0000] {processor.py:830} INFO - Processing file /opt/airflow/dags/etl_bronce_origen_demo.py for tasks to queue
[2026-08-02T12:09:00.833+0000] {logging_mixin.py:188} INFO - [2026-08-02T12:09:00.833+0000] {dagbag.py:545} INFO - Filling up the DagBag from /opt/airflow/dags/etl_bronce_origen_demo.py
[2026-08-02T12:09:00.892+0000] {processor.py:840} INFO - DAG(s) 'etl_bronce_origen_demo' retrieved from /opt/airflow/dags/etl_bronce_origen_demo.py
[2026-08-02T12:09:00.915+0000] {logging_mixin.py:188} INFO - [2026-08-02T12:09:00.915+0000] {dag.py:3089} INFO - Sync 1 DAGs
[2026-08-02T12:09:00.926+0000] {logging_mixin.py:188} INFO - [2026-08-02T12:09:00.926+0000] {dag.py:3947} INFO - Setting next_dagrun for etl_bronce_origen_demo to None, run_after=None
[2026-08-02T12:09:00.944+0000] {processor.py:183} INFO - Processing /opt/airflow/dags/etl_bronce_origen_demo.py took 0.119 seconds
[2026-08-02T12:09:31.523+0000] {processor.py:161} INFO - Started process (PID=814) to work on /opt/airflow/dags/etl_bronce_origen_demo.py
[2026-08-02T12:09:31.524+0000] {processor.py:830} INFO - Processing file /opt/airflow/dags/etl_bronce_origen_demo.py for tasks to queue
[2026-08-02T12:09:31.525+0000] {logging_mixin.py:188} INFO - [2026-08-02T12:09:31.525+0000] {dagbag.py:545} INFO - Filling up the DagBag from /opt/airflow/dags/etl_bronce_origen_demo.py
[2026-08-02T12:09:31.592+0000] {processor.py:840} INFO - DAG(s) 'etl_bronce_origen_demo' retrieved from /opt/airflow/dags/etl_bronce_origen_demo.py
[2026-08-02T12:09:31.620+0000] {logging_mixin.py:188} INFO - [2026-08-02T12:09:31.620+0000] {dag.py:3089} INFO - Sync 1 DAGs
[2026-08-02T12:09:31.634+0000] {logging_mixin.py:188} INFO - [2026-08-02T12:09:31.634+0000] {dag.py:3947} INFO - Setting next_dagrun for etl_bronce_origen_demo to None, run_after=None
[2026-08-02T12:09:31.654+0000] {processor.py:183} INFO - Processing /opt/airflow/dags/etl_bronce_origen_demo.py took 0.134 seconds
[2026-08-02T12:10:02.510+0000] {processor.py:161} INFO - Started process (PID=819) to work on /opt/airflow/dags/etl_bronce_origen_demo.py
[2026-08-02T12:10:02.510+0000] {processor.py:830} INFO - Processing file /opt/airflow/dags/etl_bronce_origen_demo.py for tasks to queue
[2026-08-02T12:10:02.512+0000] {logging_mixin.py:188} INFO - [2026-08-02T12:10:02.511+0000] {dagbag.py:545} INFO - Filling up the DagBag from /opt/airflow/dags/etl_bronce_origen_demo.py
[2026-08-02T12:10:02.571+0000] {processor.py:840} INFO - DAG(s) 'etl_bronce_origen_demo' retrieved from /opt/airflow/dags/etl_bronce_origen_demo.py
[2026-08-02T12:10:02.594+0000] {logging_mixin.py:188} INFO - [2026-08-02T12:10:02.594+0000] {dag.py:3089} INFO - Sync 1 DAGs
[2026-08-02T12:10:02.604+0000] {logging_mixin.py:188} INFO - [2026-08-02T12:10:02.604+0000] {dag.py:3947} INFO - Setting next_dagrun for etl_bronce_origen_demo to None, run_after=None
[2026-08-02T12:10:02.619+0000] {processor.py:183} INFO - Processing /opt/airflow/dags/etl_bronce_origen_demo.py took 0.113 seconds
[2026-08-02T12:10:33.165+0000] {processor.py:161} INFO - Started process (PID=824) to work on /opt/airflow/dags/etl_bronce_origen_demo.py
[2026-08-02T12:10:33.166+0000] {processor.py:830} INFO - Processing file /opt/airflow/dags/etl_bronce_origen_demo.py for tasks to queue
[2026-08-02T12:10:33.167+0000] {logging_mixin.py:188} INFO - [2026-08-02T12:10:33.167+0000] {dagbag.py:545} INFO - Filling up the DagBag from /opt/airflow/dags/etl_bronce_origen_demo.py
[2026-08-02T12:10:33.222+0000] {processor.py:840} INFO - DAG(s) 'etl_bronce_origen_demo' retrieved from /opt/airflow/dags/etl_bronce_origen_demo.py
[2026-08-02T12:10:33.245+0000] {logging_mixin.py:188} INFO - [2026-08-02T12:10:33.244+0000] {dag.py:3089} INFO - Sync 1 DAGs
[2026-08-02T12:10:33.255+0000] {logging_mixin.py:188} INFO - [2026-08-02T12:10:33.254+0000] {dag.py:3947} INFO - Setting next_dagrun for etl_bronce_origen_demo to None, run_after=None
[2026-08-02T12:10:33.274+0000] {processor.py:183} INFO - Processing /opt/airflow/dags/etl_bronce_origen_demo.py took 0.113 seconds
[2026-08-02T12:11:04.149+0000] {processor.py:161} INFO - Started process (PID=829) to work on /opt/airflow/dags/etl_bronce_origen_demo.py
[2026-08-02T12:11:04.150+0000] {processor.py:830} INFO - Processing file /opt/airflow/dags/etl_bronce_origen_demo.py for tasks to queue
[2026-08-02T12:11:04.151+0000] {logging_mixin.py:188} INFO - [2026-08-02T12:11:04.151+0000] {dagbag.py:545} INFO - Filling up the DagBag from /opt/airflow/dags/etl_bronce_origen_demo.py
[2026-08-02T12:11:04.207+0000] {processor.py:840} INFO - DAG(s) 'etl_bronce_origen_demo' retrieved from /opt/airflow/dags/etl_bronce_origen_demo.py
[2026-08-02T12:11:04.232+0000] {logging_mixin.py:188} INFO - [2026-08-02T12:11:04.232+0000] {dag.py:3089} INFO - Sync 1 DAGs
[2026-08-02T12:11:04.241+0000] {logging_mixin.py:188} INFO - [2026-08-02T12:11:04.241+0000] {dag.py:3947} INFO - Setting next_dagrun for etl_bronce_origen_demo to None, run_after=None
[2026-08-02T12:11:04.265+0000] {processor.py:183} INFO - Processing /opt/airflow/dags/etl_bronce_origen_demo.py took 0.120 seconds
[2026-08-02T12:11:35.074+0000] {processor.py:161} INFO - Started process (PID=834) to work on /opt/airflow/dags/etl_bronce_origen_demo.py
[2026-08-02T12:11:35.075+0000] {processor.py:830} INFO - Processing file /opt/airflow/dags/etl_bronce_origen_demo.py for tasks to queue
[2026-08-02T12:11:35.077+0000] {logging_mixin.py:188} INFO - [2026-08-02T12:11:35.077+0000] {dagbag.py:545} INFO - Filling up the DagBag from /opt/airflow/dags/etl_bronce_origen_demo.py
[2026-08-02T12:11:35.136+0000] {processor.py:840} INFO - DAG(s) 'etl_bronce_origen_demo' retrieved from /opt/airflow/dags/etl_bronce_origen_demo.py
[2026-08-02T12:11:35.157+0000] {logging_mixin.py:188} INFO - [2026-08-02T12:11:35.156+0000] {dag.py:3089} INFO - Sync 1 DAGs
[2026-08-02T12:11:35.166+0000] {logging_mixin.py:188} INFO - [2026-08-02T12:11:35.166+0000] {dag.py:3947} INFO - Setting next_dagrun for etl_bronce_origen_demo to None, run_after=None
[2026-08-02T12:11:35.190+0000] {processor.py:183} INFO - Processing /opt/airflow/dags/etl_bronce_origen_demo.py took 0.120 seconds
[2026-08-02T12:12:06.187+0000] {processor.py:161} INFO - Started process (PID=839) to work on /opt/airflow/dags/etl_bronce_origen_demo.py
[2026-08-02T12:12:06.188+0000] {processor.py:830} INFO - Processing file /opt/airflow/dags/etl_bronce_origen_demo.py for tasks to queue
[2026-08-02T12:12:06.190+0000] {logging_mixin.py:188} INFO - [2026-08-02T12:12:06.189+0000] {dagbag.py:545} INFO - Filling up the DagBag from /opt/airflow/dags/etl_bronce_origen_demo.py
[2026-08-02T12:12:06.245+0000] {processor.py:840} INFO - DAG(s) 'etl_bronce_origen_demo' retrieved from /opt/airflow/dags/etl_bronce_origen_demo.py
[2026-08-02T12:12:06.271+0000] {logging_mixin.py:188} INFO - [2026-08-02T12:12:06.271+0000] {dag.py:3089} INFO - Sync 1 DAGs
[2026-08-02T12:12:06.282+0000] {logging_mixin.py:188} INFO - [2026-08-02T12:12:06.281+0000] {dag.py:3947} INFO - Setting next_dagrun for etl_bronce_origen_demo to None, run_after=None
[2026-08-02T12:12:06.305+0000] {processor.py:183} INFO - Processing /opt/airflow/dags/etl_bronce_origen_demo.py took 0.122 seconds
[2026-08-02T12:12:36.823+0000] {processor.py:161} INFO - Started process (PID=844) to work on /opt/airflow/dags/etl_bronce_origen_demo.py
[2026-08-02T12:12:36.825+0000] {processor.py:830} INFO - Processing file /opt/airflow/dags/etl_bronce_origen_demo.py for tasks to queue
[2026-08-02T12:12:36.826+0000] {logging_mixin.py:188} INFO - [2026-08-02T12:12:36.826+0000] {dagbag.py:545} INFO - Filling up the DagBag from /opt/airflow/dags/etl_bronce_origen_demo.py
[2026-08-02T12:12:36.888+0000] {processor.py:840} INFO - DAG(s) 'etl_bronce_origen_demo' retrieved from /opt/airflow/dags/etl_bronce_origen_demo.py
[2026-08-02T12:12:36.919+0000] {logging_mixin.py:188} INFO - [2026-08-02T12:12:36.919+0000] {dag.py:3089} INFO - Sync 1 DAGs
[2026-08-02T12:12:36.934+0000] {logging_mixin.py:188} INFO - [2026-08-02T12:12:36.933+0000] {dag.py:3947} INFO - Setting next_dagrun for etl_bronce_origen_demo to None, run_after=None
[2026-08-02T12:12:36.963+0000] {processor.py:183} INFO - Processing /opt/airflow/dags/etl_bronce_origen_demo.py took 0.145 seconds
[2026-08-02T12:13:07.765+0000] {processor.py:161} INFO - Started process (PID=849) to work on /opt/airflow/dags/etl_bronce_origen_demo.py
[2026-08-02T12:13:07.767+0000] {processor.py:830} INFO - Processing file /opt/airflow/dags/etl_bronce_origen_demo.py for tasks to queue
[2026-08-02T12:13:07.769+0000] {logging_mixin.py:188} INFO - [2026-08-02T12:13:07.768+0000] {dagbag.py:545} INFO - Filling up the DagBag from /opt/airflow/dags/etl_bronce_origen_demo.py
[2026-08-02T12:13:07.840+0000] {processor.py:840} INFO - DAG(s) 'etl_bronce_origen_demo' retrieved from /opt/airflow/dags/etl_bronce_origen_demo.py
[2026-08-02T12:13:07.864+0000] {logging_mixin.py:188} INFO - [2026-08-02T12:13:07.864+0000] {dag.py:3089} INFO - Sync 1 DAGs
[2026-08-02T12:13:07.875+0000] {logging_mixin.py:188} INFO - [2026-08-02T12:13:07.874+0000] {dag.py:3947} INFO - Setting next_dagrun for etl_bronce_origen_demo to None, run_after=None
[2026-08-02T12:13:07.890+0000] {processor.py:183} INFO - Processing /opt/airflow/dags/etl_bronce_origen_demo.py took 0.131 seconds
[2026-08-02T12:13:38.878+0000] {processor.py:161} INFO - Started process (PID=854) to work on /opt/airflow/dags/etl_bronce_origen_demo.py
[2026-08-02T12:13:38.880+0000] {processor.py:830} INFO - Processing file /opt/airflow/dags/etl_bronce_origen_demo.py for tasks to queue
[2026-08-02T12:13:38.881+0000] {logging_mixin.py:188} INFO - [2026-08-02T12:13:38.881+0000] {dagbag.py:545} INFO - Filling up the DagBag from /opt/airflow/dags/etl_bronce_origen_demo.py
[2026-08-02T12:13:38.945+0000] {processor.py:840} INFO - DAG(s) 'etl_bronce_origen_demo' retrieved from /opt/airflow/dags/etl_bronce_origen_demo.py
[2026-08-02T12:13:38.972+0000] {logging_mixin.py:188} INFO - [2026-08-02T12:13:38.971+0000] {dag.py:3089} INFO - Sync 1 DAGs
[2026-08-02T12:13:38.980+0000] {logging_mixin.py:188} INFO - [2026-08-02T12:13:38.980+0000] {dag.py:3947} INFO - Setting next_dagrun for etl_bronce_origen_demo to None, run_after=None
[2026-08-02T12:13:39.002+0000] {processor.py:183} INFO - Processing /opt/airflow/dags/etl_bronce_origen_demo.py took 0.128 seconds
[2026-08-02T12:14:09.648+0000] {processor.py:161} INFO - Started process (PID=859) to work on /opt/airflow/dags/etl_bronce_origen_demo.py
[2026-08-02T12:14:09.650+0000] {processor.py:830} INFO - Processing file /opt/airflow/dags/etl_bronce_origen_demo.py for tasks to queue
[2026-08-02T12:14:09.651+0000] {logging_mixin.py:188} INFO - [2026-08-02T12:14:09.651+0000] {dagbag.py:545} INFO - Filling up the DagBag from /opt/airflow/dags/etl_bronce_origen_demo.py
[2026-08-02T12:14:09.717+0000] {processor.py:840} INFO - DAG(s) 'etl_bronce_origen_demo' retrieved from /opt/airflow/dags/etl_bronce_origen_demo.py
[2026-08-02T12:14:09.742+0000] {logging_mixin.py:188} INFO - [2026-08-02T12:14:09.742+0000] {dag.py:3089} INFO - Sync 1 DAGs
[2026-08-02T12:14:09.755+0000] {logging_mixin.py:188} INFO - [2026-08-02T12:14:09.755+0000] {dag.py:3947} INFO - Setting next_dagrun for etl_bronce_origen_demo to None, run_after=None
[2026-08-02T12:14:09.781+0000] {processor.py:183} INFO - Processing /opt/airflow/dags/etl_bronce_origen_demo.py took 0.137 seconds
[2026-08-02T12:14:40.476+0000] {processor.py:161} INFO - Started process (PID=864) to work on /opt/airflow/dags/etl_bronce_origen_demo.py
[2026-08-02T12:14:40.477+0000] {processor.py:830} INFO - Processing file /opt/airflow/dags/etl_bronce_origen_demo.py for tasks to queue
[2026-08-02T12:14:40.480+0000] {logging_mixin.py:188} INFO - [2026-08-02T12:14:40.479+0000] {dagbag.py:545} INFO - Filling up the DagBag from /opt/airflow/dags/etl_bronce_origen_demo.py
[2026-08-02T12:14:40.544+0000] {processor.py:840} INFO - DAG(s) 'etl_bronce_origen_demo' retrieved from /opt/airflow/dags/etl_bronce_origen_demo.py
[2026-08-02T12:14:40.571+0000] {logging_mixin.py:188} INFO - [2026-08-02T12:14:40.570+0000] {dag.py:3089} INFO - Sync 1 DAGs
[2026-08-02T12:14:40.581+0000] {logging_mixin.py:188} INFO - [2026-08-02T12:14:40.581+0000] {dag.py:3947} INFO - Setting next_dagrun for etl_bronce_origen_demo to None, run_after=None
[2026-08-02T12:14:40.610+0000] {processor.py:183} INFO - Processing /opt/airflow/dags/etl_bronce_origen_demo.py took 0.138 seconds
[2026-08-02T12:15:11.312+0000] {processor.py:161} INFO - Started process (PID=869) to work on /opt/airflow/dags/etl_bronce_origen_demo.py
[2026-08-02T12:15:11.313+0000] {processor.py:830} INFO - Processing file /opt/airflow/dags/etl_bronce_origen_demo.py for tasks to queue
[2026-08-02T12:15:11.314+0000] {logging_mixin.py:188} INFO - [2026-08-02T12:15:11.314+0000] {dagbag.py:545} INFO - Filling up the DagBag from /opt/airflow/dags/etl_bronce_origen_demo.py
[2026-08-02T12:15:11.373+0000] {processor.py:840} INFO - DAG(s) 'etl_bronce_origen_demo' retrieved from /opt/airflow/dags/etl_bronce_origen_demo.py
[2026-08-02T12:15:11.401+0000] {logging_mixin.py:188} INFO - [2026-08-02T12:15:11.401+0000] {dag.py:3089} INFO - Sync 1 DAGs
[2026-08-02T12:15:11.410+0000] {logging_mixin.py:188} INFO - [2026-08-02T12:15:11.410+0000] {dag.py:3947} INFO - Setting next_dagrun for etl_bronce_origen_demo to None, run_after=None
[2026-08-02T12:15:11.424+0000] {processor.py:183} INFO - Processing /opt/airflow/dags/etl_bronce_origen_demo.py took 0.116 seconds
[2026-08-02T12:15:42.135+0000] {processor.py:161} INFO - Started process (PID=874) to work on /opt/airflow/dags/etl_bronce_origen_demo.py
[2026-08-02T12:15:42.136+0000] {processor.py:830} INFO - Processing file /opt/airflow/dags/etl_bronce_origen_demo.py for tasks to queue
[2026-08-02T12:15:42.138+0000] {logging_mixin.py:188} INFO - [2026-08-02T12:15:42.138+0000] {dagbag.py:545} INFO - Filling up the DagBag from /opt/airflow/dags/etl_bronce_origen_demo.py
[2026-08-02T12:15:42.207+0000] {processor.py:840} INFO - DAG(s) 'etl_bronce_origen_demo' retrieved from /opt/airflow/dags/etl_bronce_origen_demo.py
[2026-08-02T12:15:42.232+0000] {logging_mixin.py:188} INFO - [2026-08-02T12:15:42.232+0000] {dag.py:3089} INFO - Sync 1 DAGs
[2026-08-02T12:15:42.242+0000] {logging_mixin.py:188} INFO - [2026-08-02T12:15:42.242+0000] {dag.py:3947} INFO - Setting next_dagrun for etl_bronce_origen_demo to None, run_after=None
[2026-08-02T12:15:42.268+0000] {processor.py:183} INFO - Processing /opt/airflow/dags/etl_bronce_origen_demo.py took 0.137 seconds
[2026-08-02T12:16:13.240+0000] {processor.py:161} INFO - Started process (PID=879) to work on /opt/airflow/dags/etl_bronce_origen_demo.py
[2026-08-02T12:16:13.241+0000] {processor.py:830} INFO - Processing file /opt/airflow/dags/etl_bronce_origen_demo.py for tasks to queue
[2026-08-02T12:16:13.242+0000] {logging_mixin.py:188} INFO - [2026-08-02T12:16:13.242+0000] {dagbag.py:545} INFO - Filling up the DagBag from /opt/airflow/dags/etl_bronce_origen_demo.py
[2026-08-02T12:16:13.299+0000] {processor.py:840} INFO - DAG(s) 'etl_bronce_origen_demo' retrieved from /opt/airflow/dags/etl_bronce_origen_demo.py
[2026-08-02T12:16:13.323+0000] {logging_mixin.py:188} INFO - [2026-08-02T12:16:13.323+0000] {dag.py:3089} INFO - Sync 1 DAGs
[2026-08-02T12:16:13.333+0000] {logging_mixin.py:188} INFO - [2026-08-02T12:16:13.333+0000] {dag.py:3947} INFO - Setting next_dagrun for etl_bronce_origen_demo to None, run_after=None
[2026-08-02T12:16:13.357+0000] {processor.py:183} INFO - Processing /opt/airflow/dags/etl_bronce_origen_demo.py took 0.120 seconds
[2026-08-02T12:16:44.024+0000] {processor.py:161} INFO - Started process (PID=884) to work on /opt/airflow/dags/etl_bronce_origen_demo.py
[2026-08-02T12:16:44.026+0000] {processor.py:830} INFO - Processing file /opt/airflow/dags/etl_bronce_origen_demo.py for tasks to queue
[2026-08-02T12:16:44.027+0000] {logging_mixin.py:188} INFO - [2026-08-02T12:16:44.027+0000] {dagbag.py:545} INFO - Filling up the DagBag from /opt/airflow/dags/etl_bronce_origen_demo.py
[2026-08-02T12:16:44.095+0000] {processor.py:840} INFO - DAG(s) 'etl_bronce_origen_demo' retrieved from /opt/airflow/dags/etl_bronce_origen_demo.py
[2026-08-02T12:16:44.123+0000] {logging_mixin.py:188} INFO - [2026-08-02T12:16:44.122+0000] {dag.py:3089} INFO - Sync 1 DAGs
[2026-08-02T12:16:44.132+0000] {logging_mixin.py:188} INFO - [2026-08-02T12:16:44.132+0000] {dag.py:3947} INFO - Setting next_dagrun for etl_bronce_origen_demo to None, run_after=None
[2026-08-02T12:16:44.158+0000] {processor.py:183} INFO - Processing /opt/airflow/dags/etl_bronce_origen_demo.py took 0.137 seconds
[2026-08-02T12:17:14.761+0000] {processor.py:161} INFO - Started process (PID=889) to work on /opt/airflow/dags/etl_bronce_origen_demo.py
[2026-08-02T12:17:14.762+0000] {processor.py:830} INFO - Processing file /opt/airflow/dags/etl_bronce_origen_demo.py for tasks to queue
[2026-08-02T12:17:14.764+0000] {logging_mixin.py:188} INFO - [2026-08-02T12:17:14.764+0000] {dagbag.py:545} INFO - Filling up the DagBag from /opt/airflow/dags/etl_bronce_origen_demo.py
[2026-08-02T12:17:14.823+0000] {processor.py:840} INFO - DAG(s) 'etl_bronce_origen_demo' retrieved from /opt/airflow/dags/etl_bronce_origen_demo.py
[2026-08-02T12:17:14.847+0000] {logging_mixin.py:188} INFO - [2026-08-02T12:17:14.847+0000] {dag.py:3089} INFO - Sync 1 DAGs
[2026-08-02T12:17:14.859+0000] {logging_mixin.py:188} INFO - [2026-08-02T12:17:14.859+0000] {dag.py:3947} INFO - Setting next_dagrun for etl_bronce_origen_demo to None, run_after=None
[2026-08-02T12:17:14.885+0000] {processor.py:183} INFO - Processing /opt/airflow/dags/etl_bronce_origen_demo.py took 0.128 seconds
[2026-08-02T12:17:45.659+0000] {processor.py:161} INFO - Started process (PID=894) to work on /opt/airflow/dags/etl_bronce_origen_demo.py
[2026-08-02T12:17:45.660+0000] {processor.py:830} INFO - Processing file /opt/airflow/dags/etl_bronce_origen_demo.py for tasks to queue
[2026-08-02T12:17:45.662+0000] {logging_mixin.py:188} INFO - [2026-08-02T12:17:45.662+0000] {dagbag.py:545} INFO - Filling up the DagBag from /opt/airflow/dags/etl_bronce_origen_demo.py
[2026-08-02T12:17:45.718+0000] {processor.py:840} INFO - DAG(s) 'etl_bronce_origen_demo' retrieved from /opt/airflow/dags/etl_bronce_origen_demo.py
[2026-08-02T12:17:45.741+0000] {logging_mixin.py:188} INFO - [2026-08-02T12:17:45.741+0000] {dag.py:3089} INFO - Sync 1 DAGs
[2026-08-02T12:17:45.750+0000] {logging_mixin.py:188} INFO - [2026-08-02T12:17:45.750+0000] {dag.py:3947} INFO - Setting next_dagrun for etl_bronce_origen_demo to None, run_after=None
[2026-08-02T12:17:45.773+0000] {processor.py:183} INFO - Processing /opt/airflow/dags/etl_bronce_origen_demo.py took 0.118 seconds
[2026-08-02T12:18:16.573+0000] {processor.py:161} INFO - Started process (PID=899) to work on /opt/airflow/dags/etl_bronce_origen_demo.py
[2026-08-02T12:18:16.574+0000] {processor.py:830} INFO - Processing file /opt/airflow/dags/etl_bronce_origen_demo.py for tasks to queue
[2026-08-02T12:18:16.576+0000] {logging_mixin.py:188} INFO - [2026-08-02T12:18:16.575+0000] {dagbag.py:545} INFO - Filling up the DagBag from /opt/airflow/dags/etl_bronce_origen_demo.py
[2026-08-02T12:18:16.636+0000] {processor.py:840} INFO - DAG(s) 'etl_bronce_origen_demo' retrieved from /opt/airflow/dags/etl_bronce_origen_demo.py
[2026-08-02T12:18:16.661+0000] {logging_mixin.py:188} INFO - [2026-08-02T12:18:16.660+0000] {dag.py:3089} INFO - Sync 1 DAGs
[2026-08-02T12:18:16.670+0000] {logging_mixin.py:188} INFO - [2026-08-02T12:18:16.670+0000] {dag.py:3947} INFO - Setting next_dagrun for etl_bronce_origen_demo to None, run_after=None
[2026-08-02T12:18:16.683+0000] {processor.py:183} INFO - Processing /opt/airflow/dags/etl_bronce_origen_demo.py took 0.114 seconds
[2026-08-02T12:18:47.495+0000] {processor.py:161} INFO - Started process (PID=904) to work on /opt/airflow/dags/etl_bronce_origen_demo.py
[2026-08-02T12:18:47.496+0000] {processor.py:830} INFO - Processing file /opt/airflow/dags/etl_bronce_origen_demo.py for tasks to queue
[2026-08-02T12:18:47.497+0000] {logging_mixin.py:188} INFO - [2026-08-02T12:18:47.497+0000] {dagbag.py:545} INFO - Filling up the DagBag from /opt/airflow/dags/etl_bronce_origen_demo.py
[2026-08-02T12:18:47.555+0000] {processor.py:840} INFO - DAG(s) 'etl_bronce_origen_demo' retrieved from /opt/airflow/dags/etl_bronce_origen_demo.py
[2026-08-02T12:18:47.580+0000] {logging_mixin.py:188} INFO - [2026-08-02T12:18:47.580+0000] {dag.py:3089} INFO - Sync 1 DAGs
[2026-08-02T12:18:47.589+0000] {logging_mixin.py:188} INFO - [2026-08-02T12:18:47.589+0000] {dag.py:3947} INFO - Setting next_dagrun for etl_bronce_origen_demo to None, run_after=None
[2026-08-02T12:18:47.606+0000] {processor.py:183} INFO - Processing /opt/airflow/dags/etl_bronce_origen_demo.py took 0.115 seconds
[2026-08-02T12:19:18.403+0000] {processor.py:161} INFO - Started process (PID=909) to work on /opt/airflow/dags/etl_bronce_origen_demo.py
[2026-08-02T12:19:18.404+0000] {processor.py:830} INFO - Processing file /opt/airflow/dags/etl_bronce_origen_demo.py for tasks to queue
[2026-08-02T12:19:18.405+0000] {logging_mixin.py:188} INFO - [2026-08-02T12:19:18.405+0000] {dagbag.py:545} INFO - Filling up the DagBag from /opt/airflow/dags/etl_bronce_origen_demo.py
[2026-08-02T12:19:18.463+0000] {processor.py:840} INFO - DAG(s) 'etl_bronce_origen_demo' retrieved from /opt/airflow/dags/etl_bronce_origen_demo.py
[2026-08-02T12:19:18.488+0000] {logging_mixin.py:188} INFO - [2026-08-02T12:19:18.488+0000] {dag.py:3089} INFO - Sync 1 DAGs
[2026-08-02T12:19:18.499+0000] {logging_mixin.py:188} INFO - [2026-08-02T12:19:18.498+0000] {dag.py:3947} INFO - Setting next_dagrun for etl_bronce_origen_demo to None, run_after=None
[2026-08-02T12:19:18.515+0000] {processor.py:183} INFO - Processing /opt/airflow/dags/etl_bronce_origen_demo.py took 0.116 seconds
[2026-08-02T12:19:48.980+0000] {processor.py:161} INFO - Started process (PID=914) to work on /opt/airflow/dags/etl_bronce_origen_demo.py
[2026-08-02T12:19:48.981+0000] {processor.py:830} INFO - Processing file /opt/airflow/dags/etl_bronce_origen_demo.py for tasks to queue
[2026-08-02T12:19:48.982+0000] {logging_mixin.py:188} INFO - [2026-08-02T12:19:48.982+0000] {dagbag.py:545} INFO - Filling up the DagBag from /opt/airflow/dags/etl_bronce_origen_demo.py
[2026-08-02T12:19:49.038+0000] {processor.py:840} INFO - DAG(s) 'etl_bronce_origen_demo' retrieved from /opt/airflow/dags/etl_bronce_origen_demo.py
[2026-08-02T12:19:49.064+0000] {logging_mixin.py:188} INFO - [2026-08-02T12:19:49.064+0000] {dag.py:3089} INFO - Sync 1 DAGs
[2026-08-02T12:19:49.074+0000] {logging_mixin.py:188} INFO - [2026-08-02T12:19:49.074+0000] {dag.py:3947} INFO - Setting next_dagrun for etl_bronce_origen_demo to None, run_after=None
[2026-08-02T12:19:49.098+0000] {processor.py:183} INFO - Processing /opt/airflow/dags/etl_bronce_origen_demo.py took 0.123 seconds
[2026-08-02T12:20:19.200+0000] {processor.py:161} INFO - Started process (PID=919) to work on /opt/airflow/dags/etl_bronce_origen_demo.py
[2026-08-02T12:20:19.201+0000] {processor.py:830} INFO - Processing file /opt/airflow/dags/etl_bronce_origen_demo.py for tasks to queue
[2026-08-02T12:20:19.203+0000] {logging_mixin.py:188} INFO - [2026-08-02T12:20:19.202+0000] {dagbag.py:545} INFO - Filling up the DagBag from /opt/airflow/dags/etl_bronce_origen_demo.py
[2026-08-02T12:20:19.259+0000] {processor.py:840} INFO - DAG(s) 'etl_bronce_origen_demo' retrieved from /opt/airflow/dags/etl_bronce_origen_demo.py
[2026-08-02T12:20:19.284+0000] {logging_mixin.py:188} INFO - [2026-08-02T12:20:19.284+0000] {dag.py:3089} INFO - Sync 1 DAGs
[2026-08-02T12:20:19.296+0000] {logging_mixin.py:188} INFO - [2026-08-02T12:20:19.296+0000] {dag.py:3947} INFO - Setting next_dagrun for etl_bronce_origen_demo to None, run_after=None
[2026-08-02T12:20:19.321+0000] {processor.py:183} INFO - Processing /opt/airflow/dags/etl_bronce_origen_demo.py took 0.125 seconds
[2026-08-02T12:20:50.318+0000] {processor.py:161} INFO - Started process (PID=924) to work on /opt/airflow/dags/etl_bronce_origen_demo.py
[2026-08-02T12:20:50.319+0000] {processor.py:830} INFO - Processing file /opt/airflow/dags/etl_bronce_origen_demo.py for tasks to queue
[2026-08-02T12:20:50.320+0000] {logging_mixin.py:188} INFO - [2026-08-02T12:20:50.320+0000] {dagbag.py:545} INFO - Filling up the DagBag from /opt/airflow/dags/etl_bronce_origen_demo.py
[2026-08-02T12:20:50.388+0000] {processor.py:840} INFO - DAG(s) 'etl_bronce_origen_demo' retrieved from /opt/airflow/dags/etl_bronce_origen_demo.py
[2026-08-02T12:20:50.415+0000] {logging_mixin.py:188} INFO - [2026-08-02T12:20:50.415+0000] {dag.py:3089} INFO - Sync 1 DAGs
[2026-08-02T12:20:50.429+0000] {logging_mixin.py:188} INFO - [2026-08-02T12:20:50.429+0000] {dag.py:3947} INFO - Setting next_dagrun for etl_bronce_origen_demo to None, run_after=None
[2026-08-02T12:20:50.456+0000] {processor.py:183} INFO - Processing /opt/airflow/dags/etl_bronce_origen_demo.py took 0.144 seconds
[2026-08-02T12:21:21.006+0000] {processor.py:161} INFO - Started process (PID=929) to work on /opt/airflow/dags/etl_bronce_origen_demo.py
[2026-08-02T12:21:21.007+0000] {processor.py:830} INFO - Processing file /opt/airflow/dags/etl_bronce_origen_demo.py for tasks to queue
[2026-08-02T12:21:21.008+0000] {logging_mixin.py:188} INFO - [2026-08-02T12:21:21.008+0000] {dagbag.py:545} INFO - Filling up the DagBag from /opt/airflow/dags/etl_bronce_origen_demo.py
[2026-08-02T12:21:21.067+0000] {processor.py:840} INFO - DAG(s) 'etl_bronce_origen_demo' retrieved from /opt/airflow/dags/etl_bronce_origen_demo.py
[2026-08-02T12:21:21.095+0000] {logging_mixin.py:188} INFO - [2026-08-02T12:21:21.095+0000] {dag.py:3089} INFO - Sync 1 DAGs
[2026-08-02T12:21:21.109+0000] {logging_mixin.py:188} INFO - [2026-08-02T12:21:21.109+0000] {dag.py:3947} INFO - Setting next_dagrun for etl_bronce_origen_demo to None, run_after=None
[2026-08-02T12:21:21.136+0000] {processor.py:183} INFO - Processing /opt/airflow/dags/etl_bronce_origen_demo.py took 0.135 seconds
[2026-08-02T12:21:52.018+0000] {processor.py:161} INFO - Started process (PID=934) to work on /opt/airflow/dags/etl_bronce_origen_demo.py
[2026-08-02T12:21:52.019+0000] {processor.py:830} INFO - Processing file /opt/airflow/dags/etl_bronce_origen_demo.py for tasks to queue
[2026-08-02T12:21:52.021+0000] {logging_mixin.py:188} INFO - [2026-08-02T12:21:52.021+0000] {dagbag.py:545} INFO - Filling up the DagBag from /opt/airflow/dags/etl_bronce_origen_demo.py
[2026-08-02T12:21:52.079+0000] {processor.py:840} INFO - DAG(s) 'etl_bronce_origen_demo' retrieved from /opt/airflow/dags/etl_bronce_origen_demo.py
[2026-08-02T12:21:52.108+0000] {logging_mixin.py:188} INFO - [2026-08-02T12:21:52.108+0000] {dag.py:3089} INFO - Sync 1 DAGs
[2026-08-02T12:21:52.119+0000] {logging_mixin.py:188} INFO - [2026-08-02T12:21:52.119+0000] {dag.py:3947} INFO - Setting next_dagrun for etl_bronce_origen_demo to None, run_after=None
[2026-08-02T12:21:52.143+0000] {processor.py:183} INFO - Processing /opt/airflow/dags/etl_bronce_origen_demo.py took 0.130 seconds
[2026-08-02T12:22:23.026+0000] {processor.py:161} INFO - Started process (PID=939) to work on /opt/airflow/dags/etl_bronce_origen_demo.py
[2026-08-02T12:22:23.027+0000] {processor.py:830} INFO - Processing file /opt/airflow/dags/etl_bronce_origen_demo.py for tasks to queue
[2026-08-02T12:22:23.029+0000] {logging_mixin.py:188} INFO - [2026-08-02T12:22:23.028+0000] {dagbag.py:545} INFO - Filling up the DagBag from /opt/airflow/dags/etl_bronce_origen_demo.py
[2026-08-02T12:22:23.103+0000] {processor.py:840} INFO - DAG(s) 'etl_bronce_origen_demo' retrieved from /opt/airflow/dags/etl_bronce_origen_demo.py
[2026-08-02T12:22:23.131+0000] {logging_mixin.py:188} INFO - [2026-08-02T12:22:23.131+0000] {dag.py:3089} INFO - Sync 1 DAGs
[2026-08-02T12:22:23.141+0000] {logging_mixin.py:188} INFO - [2026-08-02T12:22:23.141+0000] {dag.py:3947} INFO - Setting next_dagrun for etl_bronce_origen_demo to None, run_after=None
[2026-08-02T12:22:23.161+0000] {processor.py:183} INFO - Processing /opt/airflow/dags/etl_bronce_origen_demo.py took 0.140 seconds
[2026-08-02T12:22:53.927+0000] {processor.py:161} INFO - Started process (PID=944) to work on /opt/airflow/dags/etl_bronce_origen_demo.py
[2026-08-02T12:22:53.928+0000] {processor.py:830} INFO - Processing file /opt/airflow/dags/etl_bronce_origen_demo.py for tasks to queue
[2026-08-02T12:22:53.930+0000] {logging_mixin.py:188} INFO - [2026-08-02T12:22:53.930+0000] {dagbag.py:545} INFO - Filling up the DagBag from /opt/airflow/dags/etl_bronce_origen_demo.py
[2026-08-02T12:22:53.997+0000] {processor.py:840} INFO - DAG(s) 'etl_bronce_origen_demo' retrieved from /opt/airflow/dags/etl_bronce_origen_demo.py
[2026-08-02T12:22:54.022+0000] {logging_mixin.py:188} INFO - [2026-08-02T12:22:54.021+0000] {dag.py:3089} INFO - Sync 1 DAGs
[2026-08-02T12:22:54.032+0000] {logging_mixin.py:188} INFO - [2026-08-02T12:22:54.032+0000] {dag.py:3947} INFO - Setting next_dagrun for etl_bronce_origen_demo to None, run_after=None
[2026-08-02T12:22:54.049+0000] {processor.py:183} INFO - Processing /opt/airflow/dags/etl_bronce_origen_demo.py took 0.126 seconds
[2026-08-02T12:23:24.972+0000] {processor.py:161} INFO - Started process (PID=949) to work on /opt/airflow/dags/etl_bronce_origen_demo.py
[2026-08-02T12:23:24.974+0000] {processor.py:830} INFO - Processing file /opt/airflow/dags/etl_bronce_origen_demo.py for tasks to queue
[2026-08-02T12:23:24.977+0000] {logging_mixin.py:188} INFO - [2026-08-02T12:23:24.976+0000] {dagbag.py:545} INFO - Filling up the DagBag from /opt/airflow/dags/etl_bronce_origen_demo.py
[2026-08-02T12:23:25.055+0000] {processor.py:840} INFO - DAG(s) 'etl_bronce_origen_demo' retrieved from /opt/airflow/dags/etl_bronce_origen_demo.py
[2026-08-02T12:23:25.085+0000] {logging_mixin.py:188} INFO - [2026-08-02T12:23:25.084+0000] {dag.py:3089} INFO - Sync 1 DAGs
[2026-08-02T12:23:25.101+0000] {logging_mixin.py:188} INFO - [2026-08-02T12:23:25.101+0000] {dag.py:3947} INFO - Setting next_dagrun for etl_bronce_origen_demo to None, run_after=None
[2026-08-02T12:23:25.122+0000] {processor.py:183} INFO - Processing /opt/airflow/dags/etl_bronce_origen_demo.py took 0.156 seconds
[2026-08-02T12:23:55.963+0000] {processor.py:161} INFO - Started process (PID=954) to work on /opt/airflow/dags/etl_bronce_origen_demo.py
[2026-08-02T12:23:55.965+0000] {processor.py:830} INFO - Processing file /opt/airflow/dags/etl_bronce_origen_demo.py for tasks to queue
[2026-08-02T12:23:55.967+0000] {logging_mixin.py:188} INFO - [2026-08-02T12:23:55.966+0000] {dagbag.py:545} INFO - Filling up the DagBag from /opt/airflow/dags/etl_bronce_origen_demo.py
[2026-08-02T12:23:56.044+0000] {processor.py:840} INFO - DAG(s) 'etl_bronce_origen_demo' retrieved from /opt/airflow/dags/etl_bronce_origen_demo.py
[2026-08-02T12:23:56.072+0000] {logging_mixin.py:188} INFO - [2026-08-02T12:23:56.072+0000] {dag.py:3089} INFO - Sync 1 DAGs
[2026-08-02T12:23:56.086+0000] {logging_mixin.py:188} INFO - [2026-08-02T12:23:56.086+0000] {dag.py:3947} INFO - Setting next_dagrun for etl_bronce_origen_demo to None, run_after=None
[2026-08-02T12:23:56.103+0000] {processor.py:183} INFO - Processing /opt/airflow/dags/etl_bronce_origen_demo.py took 0.144 seconds
[2026-08-02T12:24:26.833+0000] {processor.py:161} INFO - Started process (PID=959) to work on /opt/airflow/dags/etl_bronce_origen_demo.py
[2026-08-02T12:24:26.834+0000] {processor.py:830} INFO - Processing file /opt/airflow/dags/etl_bronce_origen_demo.py for tasks to queue
[2026-08-02T12:24:26.837+0000] {logging_mixin.py:188} INFO - [2026-08-02T12:24:26.836+0000] {dagbag.py:545} INFO - Filling up the DagBag from /opt/airflow/dags/etl_bronce_origen_demo.py
[2026-08-02T12:24:26.902+0000] {processor.py:840} INFO - DAG(s) 'etl_bronce_origen_demo' retrieved from /opt/airflow/dags/etl_bronce_origen_demo.py
[2026-08-02T12:24:26.932+0000] {logging_mixin.py:188} INFO - [2026-08-02T12:24:26.932+0000] {dag.py:3089} INFO - Sync 1 DAGs
[2026-08-02T12:24:26.944+0000] {logging_mixin.py:188} INFO - [2026-08-02T12:24:26.944+0000] {dag.py:3947} INFO - Setting next_dagrun for etl_bronce_origen_demo to None, run_after=None
[2026-08-02T12:24:26.963+0000] {processor.py:183} INFO - Processing /opt/airflow/dags/etl_bronce_origen_demo.py took 0.134 seconds
[2026-08-02T12:24:57.547+0000] {processor.py:161} INFO - Started process (PID=964) to work on /opt/airflow/dags/etl_bronce_origen_demo.py
[2026-08-02T12:24:57.548+0000] {processor.py:830} INFO - Processing file /opt/airflow/dags/etl_bronce_origen_demo.py for tasks to queue
[2026-08-02T12:24:57.551+0000] {logging_mixin.py:188} INFO - [2026-08-02T12:24:57.550+0000] {dagbag.py:545} INFO - Filling up the DagBag from /opt/airflow/dags/etl_bronce_origen_demo.py
[2026-08-02T12:24:57.622+0000] {processor.py:840} INFO - DAG(s) 'etl_bronce_origen_demo' retrieved from /opt/airflow/dags/etl_bronce_origen_demo.py
[2026-08-02T12:24:57.651+0000] {logging_mixin.py:188} INFO - [2026-08-02T12:24:57.651+0000] {dag.py:3089} INFO - Sync 1 DAGs
[2026-08-02T12:24:57.662+0000] {logging_mixin.py:188} INFO - [2026-08-02T12:24:57.662+0000] {dag.py:3947} INFO - Setting next_dagrun for etl_bronce_origen_demo to None, run_after=None
[2026-08-02T12:24:57.690+0000] {processor.py:183} INFO - Processing /opt/airflow/dags/etl_bronce_origen_demo.py took 0.149 seconds
[2026-08-02T12:25:28.467+0000] {processor.py:161} INFO - Started process (PID=969) to work on /opt/airflow/dags/etl_bronce_origen_demo.py
[2026-08-02T12:25:28.469+0000] {processor.py:830} INFO - Processing file /opt/airflow/dags/etl_bronce_origen_demo.py for tasks to queue
[2026-08-02T12:25:28.472+0000] {logging_mixin.py:188} INFO - [2026-08-02T12:25:28.471+0000] {dagbag.py:545} INFO - Filling up the DagBag from /opt/airflow/dags/etl_bronce_origen_demo.py
[2026-08-02T12:25:28.561+0000] {processor.py:840} INFO - DAG(s) 'etl_bronce_origen_demo' retrieved from /opt/airflow/dags/etl_bronce_origen_demo.py
[2026-08-02T12:25:28.589+0000] {logging_mixin.py:188} INFO - [2026-08-02T12:25:28.589+0000] {dag.py:3089} INFO - Sync 1 DAGs
[2026-08-02T12:25:28.602+0000] {logging_mixin.py:188} INFO - [2026-08-02T12:25:28.602+0000] {dag.py:3947} INFO - Setting next_dagrun for etl_bronce_origen_demo to None, run_after=None
[2026-08-02T12:25:28.628+0000] {processor.py:183} INFO - Processing /opt/airflow/dags/etl_bronce_origen_demo.py took 0.167 seconds
[2026-08-02T12:25:59.311+0000] {processor.py:161} INFO - Started process (PID=974) to work on /opt/airflow/dags/etl_bronce_origen_demo.py
[2026-08-02T12:25:59.311+0000] {processor.py:830} INFO - Processing file /opt/airflow/dags/etl_bronce_origen_demo.py for tasks to queue
[2026-08-02T12:25:59.313+0000] {logging_mixin.py:188} INFO - [2026-08-02T12:25:59.313+0000] {dagbag.py:545} INFO - Filling up the DagBag from /opt/airflow/dags/etl_bronce_origen_demo.py
[2026-08-02T12:25:59.371+0000] {processor.py:840} INFO - DAG(s) 'etl_bronce_origen_demo' retrieved from /opt/airflow/dags/etl_bronce_origen_demo.py
[2026-08-02T12:25:59.399+0000] {logging_mixin.py:188} INFO - [2026-08-02T12:25:59.398+0000] {dag.py:3089} INFO - Sync 1 DAGs
[2026-08-02T12:25:59.408+0000] {logging_mixin.py:188} INFO - [2026-08-02T12:25:59.408+0000] {dag.py:3947} INFO - Setting next_dagrun for etl_bronce_origen_demo to None, run_after=None
[2026-08-02T12:25:59.426+0000] {processor.py:183} INFO - Processing /opt/airflow/dags/etl_bronce_origen_demo.py took 0.119 seconds
[2026-08-02T12:26:30.258+0000] {processor.py:161} INFO - Started process (PID=979) to work on /opt/airflow/dags/etl_bronce_origen_demo.py
[2026-08-02T12:26:30.259+0000] {processor.py:830} INFO - Processing file /opt/airflow/dags/etl_bronce_origen_demo.py for tasks to queue
[2026-08-02T12:26:30.260+0000] {logging_mixin.py:188} INFO - [2026-08-02T12:26:30.260+0000] {dagbag.py:545} INFO - Filling up the DagBag from /opt/airflow/dags/etl_bronce_origen_demo.py
[2026-08-02T12:26:30.323+0000] {processor.py:840} INFO - DAG(s) 'etl_bronce_origen_demo' retrieved from /opt/airflow/dags/etl_bronce_origen_demo.py
[2026-08-02T12:26:30.347+0000] {logging_mixin.py:188} INFO - [2026-08-02T12:26:30.347+0000] {dag.py:3089} INFO - Sync 1 DAGs
[2026-08-02T12:26:30.359+0000] {logging_mixin.py:188} INFO - [2026-08-02T12:26:30.359+0000] {dag.py:3947} INFO - Setting next_dagrun for etl_bronce_origen_demo to None, run_after=None
[2026-08-02T12:26:30.385+0000] {processor.py:183} INFO - Processing /opt/airflow/dags/etl_bronce_origen_demo.py took 0.131 seconds
[2026-08-02T12:27:01.170+0000] {processor.py:161} INFO - Started process (PID=984) to work on /opt/airflow/dags/etl_bronce_origen_demo.py
[2026-08-02T12:27:01.171+0000] {processor.py:830} INFO - Processing file /opt/airflow/dags/etl_bronce_origen_demo.py for tasks to queue
[2026-08-02T12:27:01.173+0000] {logging_mixin.py:188} INFO - [2026-08-02T12:27:01.173+0000] {dagbag.py:545} INFO - Filling up the DagBag from /opt/airflow/dags/etl_bronce_origen_demo.py
[2026-08-02T12:27:01.244+0000] {processor.py:840} INFO - DAG(s) 'etl_bronce_origen_demo' retrieved from /opt/airflow/dags/etl_bronce_origen_demo.py
[2026-08-02T12:27:01.275+0000] {logging_mixin.py:188} INFO - [2026-08-02T12:27:01.274+0000] {dag.py:3089} INFO - Sync 1 DAGs
[2026-08-02T12:27:01.286+0000] {logging_mixin.py:188} INFO - [2026-08-02T12:27:01.285+0000] {dag.py:3947} INFO - Setting next_dagrun for etl_bronce_origen_demo to None, run_after=None
[2026-08-02T12:27:01.311+0000] {processor.py:183} INFO - Processing /opt/airflow/dags/etl_bronce_origen_demo.py took 0.145 seconds
[2026-08-02T12:27:31.949+0000] {processor.py:161} INFO - Started process (PID=989) to work on /opt/airflow/dags/etl_bronce_origen_demo.py
[2026-08-02T12:27:31.950+0000] {processor.py:830} INFO - Processing file /opt/airflow/dags/etl_bronce_origen_demo.py for tasks to queue
[2026-08-02T12:27:31.952+0000] {logging_mixin.py:188} INFO - [2026-08-02T12:27:31.952+0000] {dagbag.py:545} INFO - Filling up the DagBag from /opt/airflow/dags/etl_bronce_origen_demo.py
[2026-08-02T12:27:32.005+0000] {processor.py:840} INFO - DAG(s) 'etl_bronce_origen_demo' retrieved from /opt/airflow/dags/etl_bronce_origen_demo.py
[2026-08-02T12:27:32.029+0000] {logging_mixin.py:188} INFO - [2026-08-02T12:27:32.029+0000] {dag.py:3089} INFO - Sync 1 DAGs
[2026-08-02T12:27:32.038+0000] {logging_mixin.py:188} INFO - [2026-08-02T12:27:32.038+0000] {dag.py:3947} INFO - Setting next_dagrun for etl_bronce_origen_demo to None, run_after=None
[2026-08-02T12:27:32.060+0000] {processor.py:183} INFO - Processing /opt/airflow/dags/etl_bronce_origen_demo.py took 0.115 seconds
[2026-08-02T12:28:02.172+0000] {processor.py:161} INFO - Started process (PID=1004) to work on /opt/airflow/dags/etl_bronce_origen_demo.py
[2026-08-02T12:28:02.174+0000] {processor.py:830} INFO - Processing file /opt/airflow/dags/etl_bronce_origen_demo.py for tasks to queue
[2026-08-02T12:28:02.176+0000] {logging_mixin.py:188} INFO - [2026-08-02T12:28:02.176+0000] {dagbag.py:545} INFO - Filling up the DagBag from /opt/airflow/dags/etl_bronce_origen_demo.py
[2026-08-02T12:28:02.244+0000] {processor.py:840} INFO - DAG(s) 'etl_bronce_origen_demo' retrieved from /opt/airflow/dags/etl_bronce_origen_demo.py
[2026-08-02T12:28:02.272+0000] {logging_mixin.py:188} INFO - [2026-08-02T12:28:02.272+0000] {dag.py:3089} INFO - Sync 1 DAGs
[2026-08-02T12:28:02.282+0000] {logging_mixin.py:188} INFO - [2026-08-02T12:28:02.282+0000] {dag.py:3947} INFO - Setting next_dagrun for etl_bronce_origen_demo to None, run_after=None
[2026-08-02T12:28:02.308+0000] {processor.py:183} INFO - Processing /opt/airflow/dags/etl_bronce_origen_demo.py took 0.143 seconds
[2026-08-02T12:28:33.297+0000] {processor.py:161} INFO - Started process (PID=1019) to work on /opt/airflow/dags/etl_bronce_origen_demo.py
[2026-08-02T12:28:33.298+0000] {processor.py:830} INFO - Processing file /opt/airflow/dags/etl_bronce_origen_demo.py for tasks to queue
[2026-08-02T12:28:33.299+0000] {logging_mixin.py:188} INFO - [2026-08-02T12:28:33.299+0000] {dagbag.py:545} INFO - Filling up the DagBag from /opt/airflow/dags/etl_bronce_origen_demo.py
[2026-08-02T12:28:33.356+0000] {processor.py:840} INFO - DAG(s) 'etl_bronce_origen_demo' retrieved from /opt/airflow/dags/etl_bronce_origen_demo.py
[2026-08-02T12:28:33.380+0000] {logging_mixin.py:188} INFO - [2026-08-02T12:28:33.380+0000] {dag.py:3089} INFO - Sync 1 DAGs
[2026-08-02T12:28:33.392+0000] {logging_mixin.py:188} INFO - [2026-08-02T12:28:33.391+0000] {dag.py:3947} INFO - Setting next_dagrun for etl_bronce_origen_demo to None, run_after=None
[2026-08-02T12:28:33.418+0000] {processor.py:183} INFO - Processing /opt/airflow/dags/etl_bronce_origen_demo.py took 0.125 seconds
[2026-08-02T12:29:04.299+0000] {processor.py:161} INFO - Started process (PID=1034) to work on /opt/airflow/dags/etl_bronce_origen_demo.py
[2026-08-02T12:29:04.300+0000] {processor.py:830} INFO - Processing file /opt/airflow/dags/etl_bronce_origen_demo.py for tasks to queue
[2026-08-02T12:29:04.302+0000] {logging_mixin.py:188} INFO - [2026-08-02T12:29:04.302+0000] {dagbag.py:545} INFO - Filling up the DagBag from /opt/airflow/dags/etl_bronce_origen_demo.py
[2026-08-02T12:29:04.358+0000] {processor.py:840} INFO - DAG(s) 'etl_bronce_origen_demo' retrieved from /opt/airflow/dags/etl_bronce_origen_demo.py
[2026-08-02T12:29:04.383+0000] {logging_mixin.py:188} INFO - [2026-08-02T12:29:04.382+0000] {dag.py:3089} INFO - Sync 1 DAGs
[2026-08-02T12:29:04.392+0000] {logging_mixin.py:188} INFO - [2026-08-02T12:29:04.392+0000] {dag.py:3947} INFO - Setting next_dagrun for etl_bronce_origen_demo to None, run_after=None
[2026-08-02T12:29:04.405+0000] {processor.py:183} INFO - Processing /opt/airflow/dags/etl_bronce_origen_demo.py took 0.112 seconds
[2026-08-02T12:29:35.041+0000] {processor.py:161} INFO - Started process (PID=1049) to work on /opt/airflow/dags/etl_bronce_origen_demo.py
[2026-08-02T12:29:35.042+0000] {processor.py:830} INFO - Processing file /opt/airflow/dags/etl_bronce_origen_demo.py for tasks to queue
[2026-08-02T12:29:35.044+0000] {logging_mixin.py:188} INFO - [2026-08-02T12:29:35.044+0000] {dagbag.py:545} INFO - Filling up the DagBag from /opt/airflow/dags/etl_bronce_origen_demo.py
[2026-08-02T12:29:35.118+0000] {processor.py:840} INFO - DAG(s) 'etl_bronce_origen_demo' retrieved from /opt/airflow/dags/etl_bronce_origen_demo.py
[2026-08-02T12:29:35.147+0000] {logging_mixin.py:188} INFO - [2026-08-02T12:29:35.147+0000] {dag.py:3089} INFO - Sync 1 DAGs
[2026-08-02T12:29:35.159+0000] {logging_mixin.py:188} INFO - [2026-08-02T12:29:35.159+0000] {dag.py:3947} INFO - Setting next_dagrun for etl_bronce_origen_demo to None, run_after=None
[2026-08-02T12:29:35.185+0000] {processor.py:183} INFO - Processing /opt/airflow/dags/etl_bronce_origen_demo.py took 0.151 seconds
[2026-08-02T12:30:05.961+0000] {processor.py:161} INFO - Started process (PID=1064) to work on /opt/airflow/dags/etl_bronce_origen_demo.py
[2026-08-02T12:30:05.962+0000] {processor.py:830} INFO - Processing file /opt/airflow/dags/etl_bronce_origen_demo.py for tasks to queue
[2026-08-02T12:30:05.964+0000] {logging_mixin.py:188} INFO - [2026-08-02T12:30:05.963+0000] {dagbag.py:545} INFO - Filling up the DagBag from /opt/airflow/dags/etl_bronce_origen_demo.py
[2026-08-02T12:30:06.019+0000] {processor.py:840} INFO - DAG(s) 'etl_bronce_origen_demo' retrieved from /opt/airflow/dags/etl_bronce_origen_demo.py
[2026-08-02T12:30:06.044+0000] {logging_mixin.py:188} INFO - [2026-08-02T12:30:06.043+0000] {dag.py:3089} INFO - Sync 1 DAGs
[2026-08-02T12:30:06.064+0000] {logging_mixin.py:188} INFO - [2026-08-02T12:30:06.064+0000] {dag.py:3947} INFO - Setting next_dagrun for etl_bronce_origen_demo to None, run_after=None
[2026-08-02T12:30:06.080+0000] {processor.py:183} INFO - Processing /opt/airflow/dags/etl_bronce_origen_demo.py took 0.123 seconds
[2026-08-02T12:30:36.813+0000] {processor.py:161} INFO - Started process (PID=1079) to work on /opt/airflow/dags/etl_bronce_origen_demo.py
[2026-08-02T12:30:36.814+0000] {processor.py:830} INFO - Processing file /opt/airflow/dags/etl_bronce_origen_demo.py for tasks to queue
[2026-08-02T12:30:36.816+0000] {logging_mixin.py:188} INFO - [2026-08-02T12:30:36.815+0000] {dagbag.py:545} INFO - Filling up the DagBag from /opt/airflow/dags/etl_bronce_origen_demo.py
[2026-08-02T12:30:36.871+0000] {processor.py:840} INFO - DAG(s) 'etl_bronce_origen_demo' retrieved from /opt/airflow/dags/etl_bronce_origen_demo.py
[2026-08-02T12:30:36.896+0000] {logging_mixin.py:188} INFO - [2026-08-02T12:30:36.895+0000] {dag.py:3089} INFO - Sync 1 DAGs
[2026-08-02T12:30:36.906+0000] {logging_mixin.py:188} INFO - [2026-08-02T12:30:36.906+0000] {dag.py:3947} INFO - Setting next_dagrun for etl_bronce_origen_demo to None, run_after=None
[2026-08-02T12:30:36.932+0000] {processor.py:183} INFO - Processing /opt/airflow/dags/etl_bronce_origen_demo.py took 0.123 seconds
[2026-08-02T12:31:07.682+0000] {processor.py:161} INFO - Started process (PID=1094) to work on /opt/airflow/dags/etl_bronce_origen_demo.py
[2026-08-02T12:31:07.684+0000] {processor.py:830} INFO - Processing file /opt/airflow/dags/etl_bronce_origen_demo.py for tasks to queue
[2026-08-02T12:31:07.686+0000] {logging_mixin.py:188} INFO - [2026-08-02T12:31:07.686+0000] {dagbag.py:545} INFO - Filling up the DagBag from /opt/airflow/dags/etl_bronce_origen_demo.py
[2026-08-02T12:31:07.761+0000] {processor.py:840} INFO - DAG(s) 'etl_bronce_origen_demo' retrieved from /opt/airflow/dags/etl_bronce_origen_demo.py
[2026-08-02T12:31:07.790+0000] {logging_mixin.py:188} INFO - [2026-08-02T12:31:07.789+0000] {dag.py:3089} INFO - Sync 1 DAGs
[2026-08-02T12:31:07.802+0000] {logging_mixin.py:188} INFO - [2026-08-02T12:31:07.802+0000] {dag.py:3947} INFO - Setting next_dagrun for etl_bronce_origen_demo to None, run_after=None
[2026-08-02T12:31:07.822+0000] {processor.py:183} INFO - Processing /opt/airflow/dags/etl_bronce_origen_demo.py took 0.145 seconds
