[2026-08-02T12:27:42.568+0000] {processor.py:161} INFO - Started process (PID=997) to work on /opt/airflow/dags/etl_erp_to_bronce.py
[2026-08-02T12:27:42.569+0000] {processor.py:830} INFO - Processing file /opt/airflow/dags/etl_erp_to_bronce.py for tasks to queue
[2026-08-02T12:27:42.570+0000] {logging_mixin.py:188} INFO - [2026-08-02T12:27:42.570+0000] {dagbag.py:545} INFO - Filling up the DagBag from /opt/airflow/dags/etl_erp_to_bronce.py
[2026-08-02T12:27:42.597+0000] {processor.py:840} INFO - DAG(s) 'etl_erp_to_bronce' retrieved from /opt/airflow/dags/etl_erp_to_bronce.py
[2026-08-02T12:27:42.695+0000] {logging_mixin.py:188} INFO - [2026-08-02T12:27:42.694+0000] {override.py:1858} INFO - Created Permission View: can edit on DAG:etl_erp_to_bronce
[2026-08-02T12:27:42.702+0000] {logging_mixin.py:188} INFO - [2026-08-02T12:27:42.702+0000] {override.py:1858} INFO - Created Permission View: can delete on DAG:etl_erp_to_bronce
[2026-08-02T12:27:42.706+0000] {logging_mixin.py:188} INFO - [2026-08-02T12:27:42.706+0000] {override.py:1858} INFO - Created Permission View: can read on DAG:etl_erp_to_bronce
[2026-08-02T12:27:42.707+0000] {logging_mixin.py:188} INFO - [2026-08-02T12:27:42.707+0000] {dag.py:3089} INFO - Sync 1 DAGs
[2026-08-02T12:27:42.714+0000] {logging_mixin.py:188} INFO - [2026-08-02T12:27:42.714+0000] {dag.py:3111} INFO - Creating ORM DAG for etl_erp_to_bronce
[2026-08-02T12:27:42.715+0000] {logging_mixin.py:188} INFO - [2026-08-02T12:27:42.715+0000] {dag.py:3947} INFO - Setting next_dagrun for etl_erp_to_bronce to None, run_after=None
[2026-08-02T12:27:42.729+0000] {processor.py:183} INFO - Processing /opt/airflow/dags/etl_erp_to_bronce.py took 0.166 seconds
[2026-08-02T12:28:13.570+0000] {processor.py:161} INFO - Started process (PID=1012) to work on /opt/airflow/dags/etl_erp_to_bronce.py
[2026-08-02T12:28:13.571+0000] {processor.py:830} INFO - Processing file /opt/airflow/dags/etl_erp_to_bronce.py for tasks to queue
[2026-08-02T12:28:13.573+0000] {logging_mixin.py:188} INFO - [2026-08-02T12:28:13.573+0000] {dagbag.py:545} INFO - Filling up the DagBag from /opt/airflow/dags/etl_erp_to_bronce.py
[2026-08-02T12:28:13.586+0000] {processor.py:840} INFO - DAG(s) 'etl_erp_to_bronce' retrieved from /opt/airflow/dags/etl_erp_to_bronce.py
[2026-08-02T12:28:13.609+0000] {logging_mixin.py:188} INFO - [2026-08-02T12:28:13.609+0000] {dag.py:3089} INFO - Sync 1 DAGs
[2026-08-02T12:28:13.618+0000] {logging_mixin.py:188} INFO - [2026-08-02T12:28:13.617+0000] {dag.py:3947} INFO - Setting next_dagrun for etl_erp_to_bronce to None, run_after=None
[2026-08-02T12:28:13.639+0000] {processor.py:183} INFO - Processing /opt/airflow/dags/etl_erp_to_bronce.py took 0.073 seconds
[2026-08-02T12:28:44.530+0000] {processor.py:161} INFO - Started process (PID=1027) to work on /opt/airflow/dags/etl_erp_to_bronce.py
[2026-08-02T12:28:44.531+0000] {processor.py:830} INFO - Processing file /opt/airflow/dags/etl_erp_to_bronce.py for tasks to queue
[2026-08-02T12:28:44.532+0000] {logging_mixin.py:188} INFO - [2026-08-02T12:28:44.532+0000] {dagbag.py:545} INFO - Filling up the DagBag from /opt/airflow/dags/etl_erp_to_bronce.py
[2026-08-02T12:28:44.544+0000] {processor.py:840} INFO - DAG(s) 'etl_erp_to_bronce' retrieved from /opt/airflow/dags/etl_erp_to_bronce.py
[2026-08-02T12:28:44.567+0000] {logging_mixin.py:188} INFO - [2026-08-02T12:28:44.567+0000] {dag.py:3089} INFO - Sync 1 DAGs
[2026-08-02T12:28:44.578+0000] {logging_mixin.py:188} INFO - [2026-08-02T12:28:44.578+0000] {dag.py:3947} INFO - Setting next_dagrun for etl_erp_to_bronce to None, run_after=None
[2026-08-02T12:28:44.591+0000] {processor.py:183} INFO - Processing /opt/airflow/dags/etl_erp_to_bronce.py took 0.065 seconds
[2026-08-02T12:29:15.497+0000] {processor.py:161} INFO - Started process (PID=1042) to work on /opt/airflow/dags/etl_erp_to_bronce.py
[2026-08-02T12:29:15.499+0000] {processor.py:830} INFO - Processing file /opt/airflow/dags/etl_erp_to_bronce.py for tasks to queue
[2026-08-02T12:29:15.504+0000] {logging_mixin.py:188} INFO - [2026-08-02T12:29:15.503+0000] {dagbag.py:545} INFO - Filling up the DagBag from /opt/airflow/dags/etl_erp_to_bronce.py
[2026-08-02T12:29:15.521+0000] {processor.py:840} INFO - DAG(s) 'etl_erp_to_bronce' retrieved from /opt/airflow/dags/etl_erp_to_bronce.py
[2026-08-02T12:29:15.550+0000] {logging_mixin.py:188} INFO - [2026-08-02T12:29:15.550+0000] {dag.py:3089} INFO - Sync 1 DAGs
[2026-08-02T12:29:15.561+0000] {logging_mixin.py:188} INFO - [2026-08-02T12:29:15.561+0000] {dag.py:3947} INFO - Setting next_dagrun for etl_erp_to_bronce to None, run_after=None
[2026-08-02T12:29:15.583+0000] {processor.py:183} INFO - Processing /opt/airflow/dags/etl_erp_to_bronce.py took 0.090 seconds
[2026-08-02T12:29:46.275+0000] {processor.py:161} INFO - Started process (PID=1057) to work on /opt/airflow/dags/etl_erp_to_bronce.py
[2026-08-02T12:29:46.275+0000] {processor.py:830} INFO - Processing file /opt/airflow/dags/etl_erp_to_bronce.py for tasks to queue
[2026-08-02T12:29:46.277+0000] {logging_mixin.py:188} INFO - [2026-08-02T12:29:46.276+0000] {dagbag.py:545} INFO - Filling up the DagBag from /opt/airflow/dags/etl_erp_to_bronce.py
[2026-08-02T12:29:46.290+0000] {processor.py:840} INFO - DAG(s) 'etl_erp_to_bronce' retrieved from /opt/airflow/dags/etl_erp_to_bronce.py
[2026-08-02T12:29:46.314+0000] {logging_mixin.py:188} INFO - [2026-08-02T12:29:46.313+0000] {dag.py:3089} INFO - Sync 1 DAGs
[2026-08-02T12:29:46.324+0000] {logging_mixin.py:188} INFO - [2026-08-02T12:29:46.324+0000] {dag.py:3947} INFO - Setting next_dagrun for etl_erp_to_bronce to None, run_after=None
[2026-08-02T12:29:46.349+0000] {processor.py:183} INFO - Processing /opt/airflow/dags/etl_erp_to_bronce.py took 0.078 seconds
[2026-08-02T12:30:17.178+0000] {processor.py:161} INFO - Started process (PID=1072) to work on /opt/airflow/dags/etl_erp_to_bronce.py
[2026-08-02T12:30:17.179+0000] {processor.py:830} INFO - Processing file /opt/airflow/dags/etl_erp_to_bronce.py for tasks to queue
[2026-08-02T12:30:17.181+0000] {logging_mixin.py:188} INFO - [2026-08-02T12:30:17.180+0000] {dagbag.py:545} INFO - Filling up the DagBag from /opt/airflow/dags/etl_erp_to_bronce.py
[2026-08-02T12:30:17.194+0000] {processor.py:840} INFO - DAG(s) 'etl_erp_to_bronce' retrieved from /opt/airflow/dags/etl_erp_to_bronce.py
[2026-08-02T12:30:17.220+0000] {logging_mixin.py:188} INFO - [2026-08-02T12:30:17.220+0000] {dag.py:3089} INFO - Sync 1 DAGs
[2026-08-02T12:30:17.231+0000] {logging_mixin.py:188} INFO - [2026-08-02T12:30:17.231+0000] {dag.py:3947} INFO - Setting next_dagrun for etl_erp_to_bronce to None, run_after=None
[2026-08-02T12:30:17.255+0000] {processor.py:183} INFO - Processing /opt/airflow/dags/etl_erp_to_bronce.py took 0.080 seconds
[2026-08-02T12:30:47.357+0000] {processor.py:161} INFO - Started process (PID=1087) to work on /opt/airflow/dags/etl_erp_to_bronce.py
[2026-08-02T12:30:47.358+0000] {processor.py:830} INFO - Processing file /opt/airflow/dags/etl_erp_to_bronce.py for tasks to queue
[2026-08-02T12:30:47.359+0000] {logging_mixin.py:188} INFO - [2026-08-02T12:30:47.359+0000] {dagbag.py:545} INFO - Filling up the DagBag from /opt/airflow/dags/etl_erp_to_bronce.py
[2026-08-02T12:30:47.372+0000] {processor.py:840} INFO - DAG(s) 'etl_erp_to_bronce' retrieved from /opt/airflow/dags/etl_erp_to_bronce.py
[2026-08-02T12:30:47.398+0000] {logging_mixin.py:188} INFO - [2026-08-02T12:30:47.398+0000] {dag.py:3089} INFO - Sync 1 DAGs
[2026-08-02T12:30:47.408+0000] {logging_mixin.py:188} INFO - [2026-08-02T12:30:47.407+0000] {dag.py:3947} INFO - Setting next_dagrun for etl_erp_to_bronce to None, run_after=None
[2026-08-02T12:30:47.422+0000] {processor.py:183} INFO - Processing /opt/airflow/dags/etl_erp_to_bronce.py took 0.068 seconds
[2026-08-02T12:31:18.200+0000] {processor.py:161} INFO - Started process (PID=1102) to work on /opt/airflow/dags/etl_erp_to_bronce.py
[2026-08-02T12:31:18.201+0000] {processor.py:830} INFO - Processing file /opt/airflow/dags/etl_erp_to_bronce.py for tasks to queue
[2026-08-02T12:31:18.203+0000] {logging_mixin.py:188} INFO - [2026-08-02T12:31:18.203+0000] {dagbag.py:545} INFO - Filling up the DagBag from /opt/airflow/dags/etl_erp_to_bronce.py
[2026-08-02T12:31:18.222+0000] {processor.py:840} INFO - DAG(s) 'etl_erp_to_bronce' retrieved from /opt/airflow/dags/etl_erp_to_bronce.py
[2026-08-02T12:31:18.252+0000] {logging_mixin.py:188} INFO - [2026-08-02T12:31:18.252+0000] {dag.py:3089} INFO - Sync 1 DAGs
[2026-08-02T12:31:18.264+0000] {logging_mixin.py:188} INFO - [2026-08-02T12:31:18.263+0000] {dag.py:3947} INFO - Setting next_dagrun for etl_erp_to_bronce to None, run_after=None
[2026-08-02T12:31:18.281+0000] {processor.py:183} INFO - Processing /opt/airflow/dags/etl_erp_to_bronce.py took 0.086 seconds
