[2026-08-02T11:52:55.372+0000] {local_task_job_runner.py:120} INFO - ::group::Pre task execution logs
[2026-08-02T11:52:55.396+0000] {taskinstance.py:2076} INFO - Dependencies all met for dep_context=non-requeueable deps ti=<TaskInstance: etl_bronce_origen_demo.extract_load_bronce manual__2026-08-02T11:52:54+00:00 [queued]>
[2026-08-02T11:52:55.402+0000] {taskinstance.py:2076} INFO - Dependencies all met for dep_context=requeueable deps ti=<TaskInstance: etl_bronce_origen_demo.extract_load_bronce manual__2026-08-02T11:52:54+00:00 [queued]>
[2026-08-02T11:52:55.403+0000] {taskinstance.py:2306} INFO - Starting attempt 1 of 1
[2026-08-02T11:52:55.411+0000] {taskinstance.py:2330} INFO - Executing <Task(PythonOperator): extract_load_bronce> on 2026-08-02 11:52:54+00:00
[2026-08-02T11:52:55.419+0000] {logging_mixin.py:188} WARNING - /home/airflow/.local/lib/python3.12/site-packages/airflow/task/task_runner/standard_task_runner.py:62 DeprecationWarning: This process (pid=210) is multi-threaded, use of fork() may lead to deadlocks in the child.
[2026-08-02T11:52:55.418+0000] {standard_task_runner.py:90} INFO - Running: ['airflow', 'tasks', 'run', 'etl_bronce_origen_demo', 'extract_load_bronce', 'manual__2026-08-02T11:52:54+00:00', '--job-id', '2', '--raw', '--subdir', 'DAGS_FOLDER/etl_bronce_origen_demo.py', '--cfg-path', '/tmp/tmp_e5gotd3']
[2026-08-02T11:52:55.420+0000] {standard_task_runner.py:64} INFO - Started process 211 to run task
[2026-08-02T11:52:55.420+0000] {standard_task_runner.py:91} INFO - Job 2: Subtask extract_load_bronce
[2026-08-02T11:52:55.460+0000] {task_command.py:426} INFO - Running <TaskInstance: etl_bronce_origen_demo.extract_load_bronce manual__2026-08-02T11:52:54+00:00 [running]> on host aad6996eb49f
[2026-08-02T11:52:55.530+0000] {taskinstance.py:2648} INFO - Exporting env vars: AIRFLOW_CTX_DAG_OWNER='airflow' AIRFLOW_CTX_DAG_ID='etl_bronce_origen_demo' AIRFLOW_CTX_TASK_ID='extract_load_bronce' AIRFLOW_CTX_EXECUTION_DATE='2026-08-02T11:52:54+00:00' AIRFLOW_CTX_TRY_NUMBER='1' AIRFLOW_CTX_DAG_RUN_ID='manual__2026-08-02T11:52:54+00:00'
[2026-08-02T11:52:55.531+0000] {taskinstance.py:430} INFO - ::endgroup::
[2026-08-02T11:52:55.596+0000] {taskinstance.py:441} INFO - ::group::Post task execution logs
[2026-08-02T11:52:55.597+0000] {taskinstance.py:2905} ERROR - Task failed with exception
Traceback (most recent call last):
  File "/home/airflow/.local/lib/python3.12/site-packages/airflow/models/taskinstance.py", line 465, in _execute_task
    result = _execute_callable(context=context, **execute_callable_kwargs)
             ^^^^^^^^^^^^^^^^^^^^^^^^^^^^^^^^^^^^^^^^^^^^^^^^^^^^^^^^^^^^^
  File "/home/airflow/.local/lib/python3.12/site-packages/airflow/models/taskinstance.py", line 432, in _execute_callable
    return execute_callable(context=context, **execute_callable_kwargs)
           ^^^^^^^^^^^^^^^^^^^^^^^^^^^^^^^^^^^^^^^^^^^^^^^^^^^^^^^^^^^^
  File "/home/airflow/.local/lib/python3.12/site-packages/airflow/models/baseoperator.py", line 401, in wrapper
    return func(self, *args, **kwargs)
           ^^^^^^^^^^^^^^^^^^^^^^^^^^^
  File "/home/airflow/.local/lib/python3.12/site-packages/airflow/operators/python.py", line 235, in execute
    return_value = self.execute_callable()
                   ^^^^^^^^^^^^^^^^^^^^^^^
  File "/home/airflow/.local/lib/python3.12/site-packages/airflow/operators/python.py", line 252, in execute_callable
    return self.python_callable(*self.op_args, **self.op_kwargs)
           ^^^^^^^^^^^^^^^^^^^^^^^^^^^^^^^^^^^^^^^^^^^^^^^^^^^^^
  File "/opt/airflow/dags/etl_bronce_origen_demo.py", line 31, in extract_and_load_bronce
    origen = _sm(sm_url, os.environ.get("ORIGEN_SECRET", "dw/origen-demo"))
             ^^^^^^^^^^^^^^^^^^^^^^^^^^^^^^^^^^^^^^^^^^^^^^^^^^^^^^^^^^^^^^
  File "/opt/airflow/dags/etl_bronce_origen_demo.py", line 26, in _sm
    return json.loads(client.get_secret_value(SecretId=name)["SecretString"])
           ^^^^^^^^^^^^^^^^^^^^^^^^^^^^^^^^^^^^^^^^^^^^^^^^^^^^^^^^^^^^^^^^^^
  File "/usr/local/lib/python3.12/json/__init__.py", line 346, in loads
    return _default_decoder.decode(s)
           ^^^^^^^^^^^^^^^^^^^^^^^^^^
  File "/usr/local/lib/python3.12/json/decoder.py", line 337, in decode
    obj, end = self.raw_decode(s, idx=_w(s, 0).end())
               ^^^^^^^^^^^^^^^^^^^^^^^^^^^^^^^^^^^^^^
  File "/usr/local/lib/python3.12/json/decoder.py", line 353, in raw_decode
    obj, end = self.scan_once(s, idx)
               ^^^^^^^^^^^^^^^^^^^^^^
json.decoder.JSONDecodeError: Expecting property name enclosed in double quotes: line 1 column 2 (char 1)
[2026-08-02T11:52:55.610+0000] {taskinstance.py:1206} INFO - Marking task as FAILED. dag_id=etl_bronce_origen_demo, task_id=extract_load_bronce, run_id=manual__2026-08-02T11:52:54+00:00, execution_date=20260802T115254, start_date=20260802T115255, end_date=20260802T115255
[2026-08-02T11:52:55.634+0000] {standard_task_runner.py:110} ERROR - Failed to execute job 2 for task extract_load_bronce (Expecting property name enclosed in double quotes: line 1 column 2 (char 1); 211)
[2026-08-02T11:52:55.655+0000] {local_task_job_runner.py:243} INFO - Task exited with return code 1
[2026-08-02T11:52:55.668+0000] {taskinstance.py:3503} INFO - 0 downstream tasks scheduled from follow-on schedule check
[2026-08-02T11:52:55.671+0000] {local_task_job_runner.py:222} INFO - ::endgroup::
